Archive member included to satisfy reference by file (symbol)

libCMSIS.a(startup_stm32f407xx.s.obj)
                              (Reset_Handler)
/usr/lib/gcc/arm-none-eabi/4.9.3/../../../arm-none-eabi/lib/armv7e-m/fpu/libg.a(lib_a-atexit.o)
                              /usr/lib/gcc/arm-none-eabi/4.9.3/../../../arm-none-eabi/lib/armv7e-m/fpu/crt0.o (atexit)
/usr/lib/gcc/arm-none-eabi/4.9.3/../../../arm-none-eabi/lib/armv7e-m/fpu/libg.a(lib_a-exit.o)
                              /usr/lib/gcc/arm-none-eabi/4.9.3/../../../arm-none-eabi/lib/armv7e-m/fpu/crt0.o (exit)
/usr/lib/gcc/arm-none-eabi/4.9.3/../../../arm-none-eabi/lib/armv7e-m/fpu/libg.a(lib_a-fini.o)
                              /usr/lib/gcc/arm-none-eabi/4.9.3/../../../arm-none-eabi/lib/armv7e-m/fpu/crt0.o (__libc_fini_array)
/usr/lib/gcc/arm-none-eabi/4.9.3/../../../arm-none-eabi/lib/armv7e-m/fpu/libg.a(lib_a-impure.o)
                              /usr/lib/gcc/arm-none-eabi/4.9.3/../../../arm-none-eabi/lib/armv7e-m/fpu/libg.a(lib_a-exit.o) (_global_impure_ptr)
/usr/lib/gcc/arm-none-eabi/4.9.3/../../../arm-none-eabi/lib/armv7e-m/fpu/libg.a(lib_a-init.o)
                              /usr/lib/gcc/arm-none-eabi/4.9.3/../../../arm-none-eabi/lib/armv7e-m/fpu/crt0.o (__libc_init_array)
/usr/lib/gcc/arm-none-eabi/4.9.3/../../../arm-none-eabi/lib/armv7e-m/fpu/libg.a(lib_a-memset.o)
                              /usr/lib/gcc/arm-none-eabi/4.9.3/../../../arm-none-eabi/lib/armv7e-m/fpu/crt0.o (memset)
/usr/lib/gcc/arm-none-eabi/4.9.3/../../../arm-none-eabi/lib/armv7e-m/fpu/libg.a(lib_a-__atexit.o)
                              /usr/lib/gcc/arm-none-eabi/4.9.3/../../../arm-none-eabi/lib/armv7e-m/fpu/libg.a(lib_a-atexit.o) (__register_exitproc)
/usr/lib/gcc/arm-none-eabi/4.9.3/../../../arm-none-eabi/lib/armv7e-m/fpu/libg.a(lib_a-__call_atexit.o)
                              /usr/lib/gcc/arm-none-eabi/4.9.3/../../../arm-none-eabi/lib/armv7e-m/fpu/libg.a(lib_a-exit.o) (__call_exitprocs)

Discarded input sections

 .text          0x0000000000000000        0x0 /usr/lib/gcc/arm-none-eabi/4.9.3/armv7e-m/fpu/crti.o
 .data          0x0000000000000000        0x0 /usr/lib/gcc/arm-none-eabi/4.9.3/armv7e-m/fpu/crti.o
 .bss           0x0000000000000000        0x0 /usr/lib/gcc/arm-none-eabi/4.9.3/armv7e-m/fpu/crti.o
 .data          0x0000000000000000        0x4 /usr/lib/gcc/arm-none-eabi/4.9.3/armv7e-m/fpu/crtbegin.o
 .text          0x0000000000000000       0x68 /usr/lib/gcc/arm-none-eabi/4.9.3/../../../arm-none-eabi/lib/armv7e-m/fpu/crt0.o
 .data          0x0000000000000000        0x0 /usr/lib/gcc/arm-none-eabi/4.9.3/../../../arm-none-eabi/lib/armv7e-m/fpu/crt0.o
 .bss           0x0000000000000000        0x0 /usr/lib/gcc/arm-none-eabi/4.9.3/../../../arm-none-eabi/lib/armv7e-m/fpu/crt0.o
 .ARM.extab     0x0000000000000000        0x0 /usr/lib/gcc/arm-none-eabi/4.9.3/../../../arm-none-eabi/lib/armv7e-m/fpu/crt0.o
 .ARM.exidx     0x0000000000000000        0x8 /usr/lib/gcc/arm-none-eabi/4.9.3/../../../arm-none-eabi/lib/armv7e-m/fpu/crt0.o
 .debug_line    0x0000000000000000       0x7e /usr/lib/gcc/arm-none-eabi/4.9.3/../../../arm-none-eabi/lib/armv7e-m/fpu/crt0.o
 .debug_info    0x0000000000000000       0xb0 /usr/lib/gcc/arm-none-eabi/4.9.3/../../../arm-none-eabi/lib/armv7e-m/fpu/crt0.o
 .debug_abbrev  0x0000000000000000       0x14 /usr/lib/gcc/arm-none-eabi/4.9.3/../../../arm-none-eabi/lib/armv7e-m/fpu/crt0.o
 .debug_aranges
                0x0000000000000000       0x20 /usr/lib/gcc/arm-none-eabi/4.9.3/../../../arm-none-eabi/lib/armv7e-m/fpu/crt0.o
 .ARM.attributes
                0x0000000000000000       0x20 /usr/lib/gcc/arm-none-eabi/4.9.3/../../../arm-none-eabi/lib/armv7e-m/fpu/crt0.o
 .text          0x0000000000000000        0x0 CMakeFiles/LedBlink.elf.dir/Src/main.c.obj
 .data          0x0000000000000000        0x0 CMakeFiles/LedBlink.elf.dir/Src/main.c.obj
 .bss           0x0000000000000000        0x0 CMakeFiles/LedBlink.elf.dir/Src/main.c.obj
 .text          0x0000000000000000        0x0 CMakeFiles/LedBlink.elf.dir/Src/stm32f4xx_hal_msp.c.obj
 .data          0x0000000000000000        0x0 CMakeFiles/LedBlink.elf.dir/Src/stm32f4xx_hal_msp.c.obj
 .bss           0x0000000000000000        0x0 CMakeFiles/LedBlink.elf.dir/Src/stm32f4xx_hal_msp.c.obj
 .text          0x0000000000000000        0x0 CMakeFiles/LedBlink.elf.dir/Src/stm32f4xx_it.c.obj
 .data          0x0000000000000000        0x0 CMakeFiles/LedBlink.elf.dir/Src/stm32f4xx_it.c.obj
 .bss           0x0000000000000000        0x0 CMakeFiles/LedBlink.elf.dir/Src/stm32f4xx_it.c.obj
 .text          0x0000000000000000        0x0 CMakeFiles/LedBlink.elf.dir/Src/system_stm32f4xx.c.obj
 .data          0x0000000000000000        0x0 CMakeFiles/LedBlink.elf.dir/Src/system_stm32f4xx.c.obj
 .bss           0x0000000000000000        0x0 CMakeFiles/LedBlink.elf.dir/Src/system_stm32f4xx.c.obj
 .rodata.APBPrescTable
                0x0000000000000000        0x8 CMakeFiles/LedBlink.elf.dir/Src/system_stm32f4xx.c.obj
 .text.SystemCoreClockUpdate
                0x0000000000000000       0xf8 CMakeFiles/LedBlink.elf.dir/Src/system_stm32f4xx.c.obj
 .text          0x0000000000000000        0x0 CMakeFiles/LedBlink.elf.dir/Drivers/STM32F4xx_HAL_Driver/Src/stm32f4xx_hal.c.obj
 .data          0x0000000000000000        0x0 CMakeFiles/LedBlink.elf.dir/Drivers/STM32F4xx_HAL_Driver/Src/stm32f4xx_hal.c.obj
 .bss           0x0000000000000000        0x0 CMakeFiles/LedBlink.elf.dir/Drivers/STM32F4xx_HAL_Driver/Src/stm32f4xx_hal.c.obj
 .text.HAL_DeInit
                0x0000000000000000       0x58 CMakeFiles/LedBlink.elf.dir/Drivers/STM32F4xx_HAL_Driver/Src/stm32f4xx_hal.c.obj
 .text.HAL_MspInit
                0x0000000000000000        0xc CMakeFiles/LedBlink.elf.dir/Drivers/STM32F4xx_HAL_Driver/Src/stm32f4xx_hal.c.obj
 .text.HAL_MspDeInit
                0x0000000000000000        0xc CMakeFiles/LedBlink.elf.dir/Drivers/STM32F4xx_HAL_Driver/Src/stm32f4xx_hal.c.obj
 .text.HAL_Delay
                0x0000000000000000       0x38 CMakeFiles/LedBlink.elf.dir/Drivers/STM32F4xx_HAL_Driver/Src/stm32f4xx_hal.c.obj
 .text.HAL_SuspendTick
                0x0000000000000000       0x1c CMakeFiles/LedBlink.elf.dir/Drivers/STM32F4xx_HAL_Driver/Src/stm32f4xx_hal.c.obj
 .text.HAL_ResumeTick
                0x0000000000000000       0x1c CMakeFiles/LedBlink.elf.dir/Drivers/STM32F4xx_HAL_Driver/Src/stm32f4xx_hal.c.obj
 .text.HAL_GetHalVersion
                0x0000000000000000       0x14 CMakeFiles/LedBlink.elf.dir/Drivers/STM32F4xx_HAL_Driver/Src/stm32f4xx_hal.c.obj
 .text.HAL_GetREVID
                0x0000000000000000       0x18 CMakeFiles/LedBlink.elf.dir/Drivers/STM32F4xx_HAL_Driver/Src/stm32f4xx_hal.c.obj
 .text.HAL_GetDEVID
                0x0000000000000000       0x1c CMakeFiles/LedBlink.elf.dir/Drivers/STM32F4xx_HAL_Driver/Src/stm32f4xx_hal.c.obj
 .text.HAL_DBGMCU_EnableDBGSleepMode
                0x0000000000000000       0x1c CMakeFiles/LedBlink.elf.dir/Drivers/STM32F4xx_HAL_Driver/Src/stm32f4xx_hal.c.obj
 .text.HAL_DBGMCU_DisableDBGSleepMode
                0x0000000000000000       0x1c CMakeFiles/LedBlink.elf.dir/Drivers/STM32F4xx_HAL_Driver/Src/stm32f4xx_hal.c.obj
 .text.HAL_DBGMCU_EnableDBGStopMode
                0x0000000000000000       0x1c CMakeFiles/LedBlink.elf.dir/Drivers/STM32F4xx_HAL_Driver/Src/stm32f4xx_hal.c.obj
 .text.HAL_DBGMCU_DisableDBGStopMode
                0x0000000000000000       0x1c CMakeFiles/LedBlink.elf.dir/Drivers/STM32F4xx_HAL_Driver/Src/stm32f4xx_hal.c.obj
 .text.HAL_DBGMCU_EnableDBGStandbyMode
                0x0000000000000000       0x1c CMakeFiles/LedBlink.elf.dir/Drivers/STM32F4xx_HAL_Driver/Src/stm32f4xx_hal.c.obj
 .text.HAL_DBGMCU_DisableDBGStandbyMode
                0x0000000000000000       0x1c CMakeFiles/LedBlink.elf.dir/Drivers/STM32F4xx_HAL_Driver/Src/stm32f4xx_hal.c.obj
 .text.HAL_EnableCompensationCell
                0x0000000000000000       0x34 CMakeFiles/LedBlink.elf.dir/Drivers/STM32F4xx_HAL_Driver/Src/stm32f4xx_hal.c.obj
 .text.HAL_DisableCompensationCell
                0x0000000000000000       0x34 CMakeFiles/LedBlink.elf.dir/Drivers/STM32F4xx_HAL_Driver/Src/stm32f4xx_hal.c.obj
 .text.HAL_GetUID
                0x0000000000000000       0x3c CMakeFiles/LedBlink.elf.dir/Drivers/STM32F4xx_HAL_Driver/Src/stm32f4xx_hal.c.obj
 .text          0x0000000000000000        0x0 CMakeFiles/LedBlink.elf.dir/Drivers/STM32F4xx_HAL_Driver/Src/stm32f4xx_hal_cortex.c.obj
 .data          0x0000000000000000        0x0 CMakeFiles/LedBlink.elf.dir/Drivers/STM32F4xx_HAL_Driver/Src/stm32f4xx_hal_cortex.c.obj
 .bss           0x0000000000000000        0x0 CMakeFiles/LedBlink.elf.dir/Drivers/STM32F4xx_HAL_Driver/Src/stm32f4xx_hal_cortex.c.obj
 .text.NVIC_EnableIRQ
                0x0000000000000000       0x30 CMakeFiles/LedBlink.elf.dir/Drivers/STM32F4xx_HAL_Driver/Src/stm32f4xx_hal_cortex.c.obj
 .text.NVIC_DisableIRQ
                0x0000000000000000       0x34 CMakeFiles/LedBlink.elf.dir/Drivers/STM32F4xx_HAL_Driver/Src/stm32f4xx_hal_cortex.c.obj
 .text.NVIC_GetPendingIRQ
                0x0000000000000000       0x38 CMakeFiles/LedBlink.elf.dir/Drivers/STM32F4xx_HAL_Driver/Src/stm32f4xx_hal_cortex.c.obj
 .text.NVIC_SetPendingIRQ
                0x0000000000000000       0x34 CMakeFiles/LedBlink.elf.dir/Drivers/STM32F4xx_HAL_Driver/Src/stm32f4xx_hal_cortex.c.obj
 .text.NVIC_ClearPendingIRQ
                0x0000000000000000       0x34 CMakeFiles/LedBlink.elf.dir/Drivers/STM32F4xx_HAL_Driver/Src/stm32f4xx_hal_cortex.c.obj
 .text.NVIC_GetActive
                0x0000000000000000       0x38 CMakeFiles/LedBlink.elf.dir/Drivers/STM32F4xx_HAL_Driver/Src/stm32f4xx_hal_cortex.c.obj
 .text.NVIC_GetPriority
                0x0000000000000000       0x50 CMakeFiles/LedBlink.elf.dir/Drivers/STM32F4xx_HAL_Driver/Src/stm32f4xx_hal_cortex.c.obj
 .text.NVIC_DecodePriority
                0x0000000000000000       0x68 CMakeFiles/LedBlink.elf.dir/Drivers/STM32F4xx_HAL_Driver/Src/stm32f4xx_hal_cortex.c.obj
 .text.NVIC_SystemReset
                0x0000000000000000       0x28 CMakeFiles/LedBlink.elf.dir/Drivers/STM32F4xx_HAL_Driver/Src/stm32f4xx_hal_cortex.c.obj
 .text.HAL_NVIC_EnableIRQ
                0x0000000000000000       0x1c CMakeFiles/LedBlink.elf.dir/Drivers/STM32F4xx_HAL_Driver/Src/stm32f4xx_hal_cortex.c.obj
 .text.HAL_NVIC_DisableIRQ
                0x0000000000000000       0x1c CMakeFiles/LedBlink.elf.dir/Drivers/STM32F4xx_HAL_Driver/Src/stm32f4xx_hal_cortex.c.obj
 .text.HAL_NVIC_SystemReset
                0x0000000000000000        0xc CMakeFiles/LedBlink.elf.dir/Drivers/STM32F4xx_HAL_Driver/Src/stm32f4xx_hal_cortex.c.obj
 .text.HAL_MPU_Disable
                0x0000000000000000       0x2c CMakeFiles/LedBlink.elf.dir/Drivers/STM32F4xx_HAL_Driver/Src/stm32f4xx_hal_cortex.c.obj
 .text.HAL_MPU_Enable
                0x0000000000000000       0x38 CMakeFiles/LedBlink.elf.dir/Drivers/STM32F4xx_HAL_Driver/Src/stm32f4xx_hal_cortex.c.obj
 .text.HAL_MPU_ConfigRegion
                0x0000000000000000       0x84 CMakeFiles/LedBlink.elf.dir/Drivers/STM32F4xx_HAL_Driver/Src/stm32f4xx_hal_cortex.c.obj
 .text.HAL_NVIC_GetPriorityGrouping
                0x0000000000000000       0x10 CMakeFiles/LedBlink.elf.dir/Drivers/STM32F4xx_HAL_Driver/Src/stm32f4xx_hal_cortex.c.obj
 .text.HAL_NVIC_GetPriority
                0x0000000000000000       0x30 CMakeFiles/LedBlink.elf.dir/Drivers/STM32F4xx_HAL_Driver/Src/stm32f4xx_hal_cortex.c.obj
 .text.HAL_NVIC_SetPendingIRQ
                0x0000000000000000       0x1c CMakeFiles/LedBlink.elf.dir/Drivers/STM32F4xx_HAL_Driver/Src/stm32f4xx_hal_cortex.c.obj
 .text.HAL_NVIC_GetPendingIRQ
                0x0000000000000000       0x20 CMakeFiles/LedBlink.elf.dir/Drivers/STM32F4xx_HAL_Driver/Src/stm32f4xx_hal_cortex.c.obj
 .text.HAL_NVIC_ClearPendingIRQ
                0x0000000000000000       0x1c CMakeFiles/LedBlink.elf.dir/Drivers/STM32F4xx_HAL_Driver/Src/stm32f4xx_hal_cortex.c.obj
 .text.HAL_NVIC_GetActive
                0x0000000000000000       0x20 CMakeFiles/LedBlink.elf.dir/Drivers/STM32F4xx_HAL_Driver/Src/stm32f4xx_hal_cortex.c.obj
 .text          0x0000000000000000        0x0 CMakeFiles/LedBlink.elf.dir/Drivers/STM32F4xx_HAL_Driver/Src/stm32f4xx_hal_dma.c.obj
 .data          0x0000000000000000        0x0 CMakeFiles/LedBlink.elf.dir/Drivers/STM32F4xx_HAL_Driver/Src/stm32f4xx_hal_dma.c.obj
 .bss           0x0000000000000000        0x0 CMakeFiles/LedBlink.elf.dir/Drivers/STM32F4xx_HAL_Driver/Src/stm32f4xx_hal_dma.c.obj
 .text.HAL_DMA_Init
                0x0000000000000000      0x160 CMakeFiles/LedBlink.elf.dir/Drivers/STM32F4xx_HAL_Driver/Src/stm32f4xx_hal_dma.c.obj
 .text.HAL_DMA_DeInit
                0x0000000000000000       0x9c CMakeFiles/LedBlink.elf.dir/Drivers/STM32F4xx_HAL_Driver/Src/stm32f4xx_hal_dma.c.obj
 .text.HAL_DMA_Start
                0x0000000000000000       0x78 CMakeFiles/LedBlink.elf.dir/Drivers/STM32F4xx_HAL_Driver/Src/stm32f4xx_hal_dma.c.obj
 .text.HAL_DMA_Start_IT
                0x0000000000000000       0xc4 CMakeFiles/LedBlink.elf.dir/Drivers/STM32F4xx_HAL_Driver/Src/stm32f4xx_hal_dma.c.obj
 .text.HAL_DMA_Abort
                0x0000000000000000       0xe4 CMakeFiles/LedBlink.elf.dir/Drivers/STM32F4xx_HAL_Driver/Src/stm32f4xx_hal_dma.c.obj
 .text.HAL_DMA_Abort_IT
                0x0000000000000000       0x44 CMakeFiles/LedBlink.elf.dir/Drivers/STM32F4xx_HAL_Driver/Src/stm32f4xx_hal_dma.c.obj
 .text.HAL_DMA_PollForTransfer
                0x0000000000000000      0x1ec CMakeFiles/LedBlink.elf.dir/Drivers/STM32F4xx_HAL_Driver/Src/stm32f4xx_hal_dma.c.obj
 .text.HAL_DMA_IRQHandler
                0x0000000000000000      0x344 CMakeFiles/LedBlink.elf.dir/Drivers/STM32F4xx_HAL_Driver/Src/stm32f4xx_hal_dma.c.obj
 .text.HAL_DMA_RegisterCallback
                0x0000000000000000       0xa8 CMakeFiles/LedBlink.elf.dir/Drivers/STM32F4xx_HAL_Driver/Src/stm32f4xx_hal_dma.c.obj
 .text.HAL_DMA_UnRegisterCallback
                0x0000000000000000       0xd4 CMakeFiles/LedBlink.elf.dir/Drivers/STM32F4xx_HAL_Driver/Src/stm32f4xx_hal_dma.c.obj
 .text.HAL_DMA_GetState
                0x0000000000000000       0x1c CMakeFiles/LedBlink.elf.dir/Drivers/STM32F4xx_HAL_Driver/Src/stm32f4xx_hal_dma.c.obj
 .text.HAL_DMA_GetError
                0x0000000000000000       0x18 CMakeFiles/LedBlink.elf.dir/Drivers/STM32F4xx_HAL_Driver/Src/stm32f4xx_hal_dma.c.obj
 .text.DMA_SetConfig
                0x0000000000000000       0x5c CMakeFiles/LedBlink.elf.dir/Drivers/STM32F4xx_HAL_Driver/Src/stm32f4xx_hal_dma.c.obj
 .text.DMA_CalcBaseAndBitshift
                0x0000000000000000       0x6c CMakeFiles/LedBlink.elf.dir/Drivers/STM32F4xx_HAL_Driver/Src/stm32f4xx_hal_dma.c.obj
 .text.DMA_CheckFifoParam
                0x0000000000000000       0xec CMakeFiles/LedBlink.elf.dir/Drivers/STM32F4xx_HAL_Driver/Src/stm32f4xx_hal_dma.c.obj
 .rodata.flagBitshiftOffset.7010
                0x0000000000000000        0x8 CMakeFiles/LedBlink.elf.dir/Drivers/STM32F4xx_HAL_Driver/Src/stm32f4xx_hal_dma.c.obj
 .debug_info    0x0000000000000000      0x8cf CMakeFiles/LedBlink.elf.dir/Drivers/STM32F4xx_HAL_Driver/Src/stm32f4xx_hal_dma.c.obj
 .debug_abbrev  0x0000000000000000      0x224 CMakeFiles/LedBlink.elf.dir/Drivers/STM32F4xx_HAL_Driver/Src/stm32f4xx_hal_dma.c.obj
 .debug_aranges
                0x0000000000000000       0x90 CMakeFiles/LedBlink.elf.dir/Drivers/STM32F4xx_HAL_Driver/Src/stm32f4xx_hal_dma.c.obj
 .debug_ranges  0x0000000000000000       0x80 CMakeFiles/LedBlink.elf.dir/Drivers/STM32F4xx_HAL_Driver/Src/stm32f4xx_hal_dma.c.obj
 .debug_line    0x0000000000000000      0x4df CMakeFiles/LedBlink.elf.dir/Drivers/STM32F4xx_HAL_Driver/Src/stm32f4xx_hal_dma.c.obj
 .debug_str     0x0000000000000000      0x7bb CMakeFiles/LedBlink.elf.dir/Drivers/STM32F4xx_HAL_Driver/Src/stm32f4xx_hal_dma.c.obj
 .comment       0x0000000000000000       0x39 CMakeFiles/LedBlink.elf.dir/Drivers/STM32F4xx_HAL_Driver/Src/stm32f4xx_hal_dma.c.obj
 .debug_frame   0x0000000000000000      0x250 CMakeFiles/LedBlink.elf.dir/Drivers/STM32F4xx_HAL_Driver/Src/stm32f4xx_hal_dma.c.obj
 .ARM.attributes
                0x0000000000000000       0x39 CMakeFiles/LedBlink.elf.dir/Drivers/STM32F4xx_HAL_Driver/Src/stm32f4xx_hal_dma.c.obj
 .text          0x0000000000000000        0x0 CMakeFiles/LedBlink.elf.dir/Drivers/STM32F4xx_HAL_Driver/Src/stm32f4xx_hal_dma_ex.c.obj
 .data          0x0000000000000000        0x0 CMakeFiles/LedBlink.elf.dir/Drivers/STM32F4xx_HAL_Driver/Src/stm32f4xx_hal_dma_ex.c.obj
 .bss           0x0000000000000000        0x0 CMakeFiles/LedBlink.elf.dir/Drivers/STM32F4xx_HAL_Driver/Src/stm32f4xx_hal_dma_ex.c.obj
 .text.HAL_DMAEx_MultiBufferStart
                0x0000000000000000       0x98 CMakeFiles/LedBlink.elf.dir/Drivers/STM32F4xx_HAL_Driver/Src/stm32f4xx_hal_dma_ex.c.obj
 .text.HAL_DMAEx_MultiBufferStart_IT
                0x0000000000000000     0x1494 CMakeFiles/LedBlink.elf.dir/Drivers/STM32F4xx_HAL_Driver/Src/stm32f4xx_hal_dma_ex.c.obj
 .text.HAL_DMAEx_ChangeMemory
                0x0000000000000000       0x34 CMakeFiles/LedBlink.elf.dir/Drivers/STM32F4xx_HAL_Driver/Src/stm32f4xx_hal_dma_ex.c.obj
 .text.DMA_MultiBufferSetConfig
                0x0000000000000000       0x4c CMakeFiles/LedBlink.elf.dir/Drivers/STM32F4xx_HAL_Driver/Src/stm32f4xx_hal_dma_ex.c.obj
 .debug_info    0x0000000000000000      0x512 CMakeFiles/LedBlink.elf.dir/Drivers/STM32F4xx_HAL_Driver/Src/stm32f4xx_hal_dma_ex.c.obj
 .debug_abbrev  0x0000000000000000      0x165 CMakeFiles/LedBlink.elf.dir/Drivers/STM32F4xx_HAL_Driver/Src/stm32f4xx_hal_dma_ex.c.obj
 .debug_aranges
                0x0000000000000000       0x38 CMakeFiles/LedBlink.elf.dir/Drivers/STM32F4xx_HAL_Driver/Src/stm32f4xx_hal_dma_ex.c.obj
 .debug_ranges  0x0000000000000000       0x28 CMakeFiles/LedBlink.elf.dir/Drivers/STM32F4xx_HAL_Driver/Src/stm32f4xx_hal_dma_ex.c.obj
 .debug_line    0x0000000000000000      0xdb6 CMakeFiles/LedBlink.elf.dir/Drivers/STM32F4xx_HAL_Driver/Src/stm32f4xx_hal_dma_ex.c.obj
 .debug_str     0x0000000000000000      0x59a CMakeFiles/LedBlink.elf.dir/Drivers/STM32F4xx_HAL_Driver/Src/stm32f4xx_hal_dma_ex.c.obj
 .comment       0x0000000000000000       0x39 CMakeFiles/LedBlink.elf.dir/Drivers/STM32F4xx_HAL_Driver/Src/stm32f4xx_hal_dma_ex.c.obj
 .debug_frame   0x0000000000000000       0xac CMakeFiles/LedBlink.elf.dir/Drivers/STM32F4xx_HAL_Driver/Src/stm32f4xx_hal_dma_ex.c.obj
 .ARM.attributes
                0x0000000000000000       0x39 CMakeFiles/LedBlink.elf.dir/Drivers/STM32F4xx_HAL_Driver/Src/stm32f4xx_hal_dma_ex.c.obj
 .text          0x0000000000000000        0x0 CMakeFiles/LedBlink.elf.dir/Drivers/STM32F4xx_HAL_Driver/Src/stm32f4xx_hal_flash.c.obj
 .data          0x0000000000000000        0x0 CMakeFiles/LedBlink.elf.dir/Drivers/STM32F4xx_HAL_Driver/Src/stm32f4xx_hal_flash.c.obj
 .bss           0x0000000000000000        0x0 CMakeFiles/LedBlink.elf.dir/Drivers/STM32F4xx_HAL_Driver/Src/stm32f4xx_hal_flash.c.obj
 .bss.pFlash    0x0000000000000000       0x20 CMakeFiles/LedBlink.elf.dir/Drivers/STM32F4xx_HAL_Driver/Src/stm32f4xx_hal_flash.c.obj
 .text.HAL_FLASH_Program
                0x0000000000000000       0xa8 CMakeFiles/LedBlink.elf.dir/Drivers/STM32F4xx_HAL_Driver/Src/stm32f4xx_hal_flash.c.obj
 .text.HAL_FLASH_Program_IT
                0x0000000000000000       0x9c CMakeFiles/LedBlink.elf.dir/Drivers/STM32F4xx_HAL_Driver/Src/stm32f4xx_hal_flash.c.obj
 .text.HAL_FLASH_IRQHandler
                0x0000000000000000      0x13c CMakeFiles/LedBlink.elf.dir/Drivers/STM32F4xx_HAL_Driver/Src/stm32f4xx_hal_flash.c.obj
 .text.HAL_FLASH_EndOfOperationCallback
                0x0000000000000000       0x14 CMakeFiles/LedBlink.elf.dir/Drivers/STM32F4xx_HAL_Driver/Src/stm32f4xx_hal_flash.c.obj
 .text.HAL_FLASH_OperationErrorCallback
                0x0000000000000000       0x14 CMakeFiles/LedBlink.elf.dir/Drivers/STM32F4xx_HAL_Driver/Src/stm32f4xx_hal_flash.c.obj
 .text.HAL_FLASH_Unlock
                0x0000000000000000       0x34 CMakeFiles/LedBlink.elf.dir/Drivers/STM32F4xx_HAL_Driver/Src/stm32f4xx_hal_flash.c.obj
 .text.HAL_FLASH_Lock
                0x0000000000000000       0x20 CMakeFiles/LedBlink.elf.dir/Drivers/STM32F4xx_HAL_Driver/Src/stm32f4xx_hal_flash.c.obj
 .text.HAL_FLASH_OB_Unlock
                0x0000000000000000       0x38 CMakeFiles/LedBlink.elf.dir/Drivers/STM32F4xx_HAL_Driver/Src/stm32f4xx_hal_flash.c.obj
 .text.HAL_FLASH_OB_Lock
                0x0000000000000000       0x20 CMakeFiles/LedBlink.elf.dir/Drivers/STM32F4xx_HAL_Driver/Src/stm32f4xx_hal_flash.c.obj
 .text.HAL_FLASH_OB_Launch
                0x0000000000000000       0x28 CMakeFiles/LedBlink.elf.dir/Drivers/STM32F4xx_HAL_Driver/Src/stm32f4xx_hal_flash.c.obj
 .text.HAL_FLASH_GetError
                0x0000000000000000       0x18 CMakeFiles/LedBlink.elf.dir/Drivers/STM32F4xx_HAL_Driver/Src/stm32f4xx_hal_flash.c.obj
 .text.FLASH_WaitForLastOperation
                0x0000000000000000       0x80 CMakeFiles/LedBlink.elf.dir/Drivers/STM32F4xx_HAL_Driver/Src/stm32f4xx_hal_flash.c.obj
 .text.FLASH_Program_DoubleWord
                0x0000000000000000       0x54 CMakeFiles/LedBlink.elf.dir/Drivers/STM32F4xx_HAL_Driver/Src/stm32f4xx_hal_flash.c.obj
 .text.FLASH_Program_Word
                0x0000000000000000       0x44 CMakeFiles/LedBlink.elf.dir/Drivers/STM32F4xx_HAL_Driver/Src/stm32f4xx_hal_flash.c.obj
 .text.FLASH_Program_HalfWord
                0x0000000000000000       0x44 CMakeFiles/LedBlink.elf.dir/Drivers/STM32F4xx_HAL_Driver/Src/stm32f4xx_hal_flash.c.obj
 .text.FLASH_Program_Byte
                0x0000000000000000       0x40 CMakeFiles/LedBlink.elf.dir/Drivers/STM32F4xx_HAL_Driver/Src/stm32f4xx_hal_flash.c.obj
 .text.FLASH_SetErrorCode
                0x0000000000000000       0xac CMakeFiles/LedBlink.elf.dir/Drivers/STM32F4xx_HAL_Driver/Src/stm32f4xx_hal_flash.c.obj
 .debug_info    0x0000000000000000      0x542 CMakeFiles/LedBlink.elf.dir/Drivers/STM32F4xx_HAL_Driver/Src/stm32f4xx_hal_flash.c.obj
 .debug_abbrev  0x0000000000000000      0x1dd CMakeFiles/LedBlink.elf.dir/Drivers/STM32F4xx_HAL_Driver/Src/stm32f4xx_hal_flash.c.obj
 .debug_aranges
                0x0000000000000000       0xa0 CMakeFiles/LedBlink.elf.dir/Drivers/STM32F4xx_HAL_Driver/Src/stm32f4xx_hal_flash.c.obj
 .debug_ranges  0x0000000000000000       0x90 CMakeFiles/LedBlink.elf.dir/Drivers/STM32F4xx_HAL_Driver/Src/stm32f4xx_hal_flash.c.obj
 .debug_line    0x0000000000000000      0x3f0 CMakeFiles/LedBlink.elf.dir/Drivers/STM32F4xx_HAL_Driver/Src/stm32f4xx_hal_flash.c.obj
 .debug_str     0x0000000000000000      0x564 CMakeFiles/LedBlink.elf.dir/Drivers/STM32F4xx_HAL_Driver/Src/stm32f4xx_hal_flash.c.obj
 .comment       0x0000000000000000       0x39 CMakeFiles/LedBlink.elf.dir/Drivers/STM32F4xx_HAL_Driver/Src/stm32f4xx_hal_flash.c.obj
 .debug_frame   0x0000000000000000      0x270 CMakeFiles/LedBlink.elf.dir/Drivers/STM32F4xx_HAL_Driver/Src/stm32f4xx_hal_flash.c.obj
 .ARM.attributes
                0x0000000000000000       0x39 CMakeFiles/LedBlink.elf.dir/Drivers/STM32F4xx_HAL_Driver/Src/stm32f4xx_hal_flash.c.obj
 .text          0x0000000000000000        0x0 CMakeFiles/LedBlink.elf.dir/Drivers/STM32F4xx_HAL_Driver/Src/stm32f4xx_hal_flash_ex.c.obj
 .data          0x0000000000000000        0x0 CMakeFiles/LedBlink.elf.dir/Drivers/STM32F4xx_HAL_Driver/Src/stm32f4xx_hal_flash_ex.c.obj
 .bss           0x0000000000000000        0x0 CMakeFiles/LedBlink.elf.dir/Drivers/STM32F4xx_HAL_Driver/Src/stm32f4xx_hal_flash_ex.c.obj
 .text.HAL_FLASHEx_Erase
                0x0000000000000000       0xe0 CMakeFiles/LedBlink.elf.dir/Drivers/STM32F4xx_HAL_Driver/Src/stm32f4xx_hal_flash_ex.c.obj
 .text.HAL_FLASHEx_Erase_IT
                0x0000000000000000       0xac CMakeFiles/LedBlink.elf.dir/Drivers/STM32F4xx_HAL_Driver/Src/stm32f4xx_hal_flash_ex.c.obj
 .text.HAL_FLASHEx_OBProgram
                0x0000000000000000       0xe0 CMakeFiles/LedBlink.elf.dir/Drivers/STM32F4xx_HAL_Driver/Src/stm32f4xx_hal_flash_ex.c.obj
 .text.HAL_FLASHEx_OBGetConfig
                0x0000000000000000       0x44 CMakeFiles/LedBlink.elf.dir/Drivers/STM32F4xx_HAL_Driver/Src/stm32f4xx_hal_flash_ex.c.obj
 .text.FLASH_MassErase
                0x0000000000000000       0x44 CMakeFiles/LedBlink.elf.dir/Drivers/STM32F4xx_HAL_Driver/Src/stm32f4xx_hal_flash_ex.c.obj
 .text.FLASH_Erase_Sector
                0x0000000000000000       0xa4 CMakeFiles/LedBlink.elf.dir/Drivers/STM32F4xx_HAL_Driver/Src/stm32f4xx_hal_flash_ex.c.obj
 .text.FLASH_OB_EnableWRP
                0x0000000000000000       0x44 CMakeFiles/LedBlink.elf.dir/Drivers/STM32F4xx_HAL_Driver/Src/stm32f4xx_hal_flash_ex.c.obj
 .text.FLASH_OB_DisableWRP
                0x0000000000000000       0x40 CMakeFiles/LedBlink.elf.dir/Drivers/STM32F4xx_HAL_Driver/Src/stm32f4xx_hal_flash_ex.c.obj
 .text.FLASH_OB_RDP_LevelConfig
                0x0000000000000000       0x34 CMakeFiles/LedBlink.elf.dir/Drivers/STM32F4xx_HAL_Driver/Src/stm32f4xx_hal_flash_ex.c.obj
 .text.FLASH_OB_UserConfig
                0x0000000000000000       0x60 CMakeFiles/LedBlink.elf.dir/Drivers/STM32F4xx_HAL_Driver/Src/stm32f4xx_hal_flash_ex.c.obj
 .text.FLASH_OB_BOR_LevelConfig
                0x0000000000000000       0x3c CMakeFiles/LedBlink.elf.dir/Drivers/STM32F4xx_HAL_Driver/Src/stm32f4xx_hal_flash_ex.c.obj
 .text.FLASH_OB_GetUser
                0x0000000000000000       0x20 CMakeFiles/LedBlink.elf.dir/Drivers/STM32F4xx_HAL_Driver/Src/stm32f4xx_hal_flash_ex.c.obj
 .text.FLASH_OB_GetWRP
                0x0000000000000000       0x18 CMakeFiles/LedBlink.elf.dir/Drivers/STM32F4xx_HAL_Driver/Src/stm32f4xx_hal_flash_ex.c.obj
 .text.FLASH_OB_GetRDP
                0x0000000000000000       0x40 CMakeFiles/LedBlink.elf.dir/Drivers/STM32F4xx_HAL_Driver/Src/stm32f4xx_hal_flash_ex.c.obj
 .text.FLASH_OB_GetBOR
                0x0000000000000000       0x20 CMakeFiles/LedBlink.elf.dir/Drivers/STM32F4xx_HAL_Driver/Src/stm32f4xx_hal_flash_ex.c.obj
 .text.FLASH_FlushCaches
                0x0000000000000000       0x88 CMakeFiles/LedBlink.elf.dir/Drivers/STM32F4xx_HAL_Driver/Src/stm32f4xx_hal_flash_ex.c.obj
 .debug_info    0x0000000000000000      0x6c3 CMakeFiles/LedBlink.elf.dir/Drivers/STM32F4xx_HAL_Driver/Src/stm32f4xx_hal_flash_ex.c.obj
 .debug_abbrev  0x0000000000000000      0x257 CMakeFiles/LedBlink.elf.dir/Drivers/STM32F4xx_HAL_Driver/Src/stm32f4xx_hal_flash_ex.c.obj
 .debug_aranges
                0x0000000000000000       0x98 CMakeFiles/LedBlink.elf.dir/Drivers/STM32F4xx_HAL_Driver/Src/stm32f4xx_hal_flash_ex.c.obj
 .debug_ranges  0x0000000000000000       0x88 CMakeFiles/LedBlink.elf.dir/Drivers/STM32F4xx_HAL_Driver/Src/stm32f4xx_hal_flash_ex.c.obj
 .debug_line    0x0000000000000000      0x422 CMakeFiles/LedBlink.elf.dir/Drivers/STM32F4xx_HAL_Driver/Src/stm32f4xx_hal_flash_ex.c.obj
 .debug_str     0x0000000000000000      0x5e4 CMakeFiles/LedBlink.elf.dir/Drivers/STM32F4xx_HAL_Driver/Src/stm32f4xx_hal_flash_ex.c.obj
 .comment       0x0000000000000000       0x39 CMakeFiles/LedBlink.elf.dir/Drivers/STM32F4xx_HAL_Driver/Src/stm32f4xx_hal_flash_ex.c.obj
 .debug_frame   0x0000000000000000      0x250 CMakeFiles/LedBlink.elf.dir/Drivers/STM32F4xx_HAL_Driver/Src/stm32f4xx_hal_flash_ex.c.obj
 .ARM.attributes
                0x0000000000000000       0x39 CMakeFiles/LedBlink.elf.dir/Drivers/STM32F4xx_HAL_Driver/Src/stm32f4xx_hal_flash_ex.c.obj
 .text          0x0000000000000000        0x0 CMakeFiles/LedBlink.elf.dir/Drivers/STM32F4xx_HAL_Driver/Src/stm32f4xx_hal_flash_ramfunc.c.obj
 .data          0x0000000000000000        0x0 CMakeFiles/LedBlink.elf.dir/Drivers/STM32F4xx_HAL_Driver/Src/stm32f4xx_hal_flash_ramfunc.c.obj
 .bss           0x0000000000000000        0x0 CMakeFiles/LedBlink.elf.dir/Drivers/STM32F4xx_HAL_Driver/Src/stm32f4xx_hal_flash_ramfunc.c.obj
 .debug_info    0x0000000000000000       0x99 CMakeFiles/LedBlink.elf.dir/Drivers/STM32F4xx_HAL_Driver/Src/stm32f4xx_hal_flash_ramfunc.c.obj
 .debug_abbrev  0x0000000000000000       0x4b CMakeFiles/LedBlink.elf.dir/Drivers/STM32F4xx_HAL_Driver/Src/stm32f4xx_hal_flash_ramfunc.c.obj
 .debug_aranges
                0x0000000000000000       0x18 CMakeFiles/LedBlink.elf.dir/Drivers/STM32F4xx_HAL_Driver/Src/stm32f4xx_hal_flash_ramfunc.c.obj
 .debug_line    0x0000000000000000       0xbf CMakeFiles/LedBlink.elf.dir/Drivers/STM32F4xx_HAL_Driver/Src/stm32f4xx_hal_flash_ramfunc.c.obj
 .debug_str     0x0000000000000000      0x20b CMakeFiles/LedBlink.elf.dir/Drivers/STM32F4xx_HAL_Driver/Src/stm32f4xx_hal_flash_ramfunc.c.obj
 .comment       0x0000000000000000       0x39 CMakeFiles/LedBlink.elf.dir/Drivers/STM32F4xx_HAL_Driver/Src/stm32f4xx_hal_flash_ramfunc.c.obj
 .ARM.attributes
                0x0000000000000000       0x39 CMakeFiles/LedBlink.elf.dir/Drivers/STM32F4xx_HAL_Driver/Src/stm32f4xx_hal_flash_ramfunc.c.obj
 .text          0x0000000000000000        0x0 CMakeFiles/LedBlink.elf.dir/Drivers/STM32F4xx_HAL_Driver/Src/stm32f4xx_hal_gpio.c.obj
 .data          0x0000000000000000        0x0 CMakeFiles/LedBlink.elf.dir/Drivers/STM32F4xx_HAL_Driver/Src/stm32f4xx_hal_gpio.c.obj
 .bss           0x0000000000000000        0x0 CMakeFiles/LedBlink.elf.dir/Drivers/STM32F4xx_HAL_Driver/Src/stm32f4xx_hal_gpio.c.obj
 .text.HAL_GPIO_DeInit
                0x0000000000000000      0x1f4 CMakeFiles/LedBlink.elf.dir/Drivers/STM32F4xx_HAL_Driver/Src/stm32f4xx_hal_gpio.c.obj
 .text.HAL_GPIO_ReadPin
                0x0000000000000000       0x30 CMakeFiles/LedBlink.elf.dir/Drivers/STM32F4xx_HAL_Driver/Src/stm32f4xx_hal_gpio.c.obj
 .text.HAL_GPIO_LockPin
                0x0000000000000000       0x50 CMakeFiles/LedBlink.elf.dir/Drivers/STM32F4xx_HAL_Driver/Src/stm32f4xx_hal_gpio.c.obj
 .text.HAL_GPIO_EXTI_IRQHandler
                0x0000000000000000       0x30 CMakeFiles/LedBlink.elf.dir/Drivers/STM32F4xx_HAL_Driver/Src/stm32f4xx_hal_gpio.c.obj
 .text.HAL_GPIO_EXTI_Callback
                0x0000000000000000       0x14 CMakeFiles/LedBlink.elf.dir/Drivers/STM32F4xx_HAL_Driver/Src/stm32f4xx_hal_gpio.c.obj
 .text          0x0000000000000000        0x0 CMakeFiles/LedBlink.elf.dir/Drivers/STM32F4xx_HAL_Driver/Src/stm32f4xx_hal_pwr.c.obj
 .data          0x0000000000000000        0x0 CMakeFiles/LedBlink.elf.dir/Drivers/STM32F4xx_HAL_Driver/Src/stm32f4xx_hal_pwr.c.obj
 .bss           0x0000000000000000        0x0 CMakeFiles/LedBlink.elf.dir/Drivers/STM32F4xx_HAL_Driver/Src/stm32f4xx_hal_pwr.c.obj
 .text.HAL_PWR_DeInit
                0x0000000000000000       0x28 CMakeFiles/LedBlink.elf.dir/Drivers/STM32F4xx_HAL_Driver/Src/stm32f4xx_hal_pwr.c.obj
 .text.HAL_PWR_EnableBkUpAccess
                0x0000000000000000       0x34 CMakeFiles/LedBlink.elf.dir/Drivers/STM32F4xx_HAL_Driver/Src/stm32f4xx_hal_pwr.c.obj
 .text.HAL_PWR_DisableBkUpAccess
                0x0000000000000000       0x34 CMakeFiles/LedBlink.elf.dir/Drivers/STM32F4xx_HAL_Driver/Src/stm32f4xx_hal_pwr.c.obj
 .text.HAL_PWR_ConfigPVD
                0x0000000000000000       0xbc CMakeFiles/LedBlink.elf.dir/Drivers/STM32F4xx_HAL_Driver/Src/stm32f4xx_hal_pwr.c.obj
 .text.HAL_PWR_EnablePVD
                0x0000000000000000       0x34 CMakeFiles/LedBlink.elf.dir/Drivers/STM32F4xx_HAL_Driver/Src/stm32f4xx_hal_pwr.c.obj
 .text.HAL_PWR_DisablePVD
                0x0000000000000000       0x34 CMakeFiles/LedBlink.elf.dir/Drivers/STM32F4xx_HAL_Driver/Src/stm32f4xx_hal_pwr.c.obj
 .text.HAL_PWR_EnableWakeUpPin
                0x0000000000000000       0x24 CMakeFiles/LedBlink.elf.dir/Drivers/STM32F4xx_HAL_Driver/Src/stm32f4xx_hal_pwr.c.obj
 .text.HAL_PWR_DisableWakeUpPin
                0x0000000000000000       0x24 CMakeFiles/LedBlink.elf.dir/Drivers/STM32F4xx_HAL_Driver/Src/stm32f4xx_hal_pwr.c.obj
 .text.HAL_PWR_EnterSLEEPMode
                0x0000000000000000       0x38 CMakeFiles/LedBlink.elf.dir/Drivers/STM32F4xx_HAL_Driver/Src/stm32f4xx_hal_pwr.c.obj
 .text.HAL_PWR_EnterSTOPMode
                0x0000000000000000       0x58 CMakeFiles/LedBlink.elf.dir/Drivers/STM32F4xx_HAL_Driver/Src/stm32f4xx_hal_pwr.c.obj
 .text.HAL_PWR_EnterSTANDBYMode
                0x0000000000000000       0x30 CMakeFiles/LedBlink.elf.dir/Drivers/STM32F4xx_HAL_Driver/Src/stm32f4xx_hal_pwr.c.obj
 .text.HAL_PWR_PVD_IRQHandler
                0x0000000000000000       0x24 CMakeFiles/LedBlink.elf.dir/Drivers/STM32F4xx_HAL_Driver/Src/stm32f4xx_hal_pwr.c.obj
 .text.HAL_PWR_PVDCallback
                0x0000000000000000        0xc CMakeFiles/LedBlink.elf.dir/Drivers/STM32F4xx_HAL_Driver/Src/stm32f4xx_hal_pwr.c.obj
 .text.HAL_PWR_EnableSleepOnExit
                0x0000000000000000       0x1c CMakeFiles/LedBlink.elf.dir/Drivers/STM32F4xx_HAL_Driver/Src/stm32f4xx_hal_pwr.c.obj
 .text.HAL_PWR_DisableSleepOnExit
                0x0000000000000000       0x1c CMakeFiles/LedBlink.elf.dir/Drivers/STM32F4xx_HAL_Driver/Src/stm32f4xx_hal_pwr.c.obj
 .text.HAL_PWR_EnableSEVOnPend
                0x0000000000000000       0x1c CMakeFiles/LedBlink.elf.dir/Drivers/STM32F4xx_HAL_Driver/Src/stm32f4xx_hal_pwr.c.obj
 .text.HAL_PWR_DisableSEVOnPend
                0x0000000000000000       0x1c CMakeFiles/LedBlink.elf.dir/Drivers/STM32F4xx_HAL_Driver/Src/stm32f4xx_hal_pwr.c.obj
 .debug_info    0x0000000000000000      0x833 CMakeFiles/LedBlink.elf.dir/Drivers/STM32F4xx_HAL_Driver/Src/stm32f4xx_hal_pwr.c.obj
 .debug_abbrev  0x0000000000000000      0x1f3 CMakeFiles/LedBlink.elf.dir/Drivers/STM32F4xx_HAL_Driver/Src/stm32f4xx_hal_pwr.c.obj
 .debug_aranges
                0x0000000000000000       0xa0 CMakeFiles/LedBlink.elf.dir/Drivers/STM32F4xx_HAL_Driver/Src/stm32f4xx_hal_pwr.c.obj
 .debug_ranges  0x0000000000000000       0x90 CMakeFiles/LedBlink.elf.dir/Drivers/STM32F4xx_HAL_Driver/Src/stm32f4xx_hal_pwr.c.obj
 .debug_line    0x0000000000000000      0x3a9 CMakeFiles/LedBlink.elf.dir/Drivers/STM32F4xx_HAL_Driver/Src/stm32f4xx_hal_pwr.c.obj
 .debug_str     0x0000000000000000      0x5ae CMakeFiles/LedBlink.elf.dir/Drivers/STM32F4xx_HAL_Driver/Src/stm32f4xx_hal_pwr.c.obj
 .comment       0x0000000000000000       0x39 CMakeFiles/LedBlink.elf.dir/Drivers/STM32F4xx_HAL_Driver/Src/stm32f4xx_hal_pwr.c.obj
 .debug_frame   0x0000000000000000      0x274 CMakeFiles/LedBlink.elf.dir/Drivers/STM32F4xx_HAL_Driver/Src/stm32f4xx_hal_pwr.c.obj
 .ARM.attributes
                0x0000000000000000       0x39 CMakeFiles/LedBlink.elf.dir/Drivers/STM32F4xx_HAL_Driver/Src/stm32f4xx_hal_pwr.c.obj
 .text          0x0000000000000000        0x0 CMakeFiles/LedBlink.elf.dir/Drivers/STM32F4xx_HAL_Driver/Src/stm32f4xx_hal_pwr_ex.c.obj
 .data          0x0000000000000000        0x0 CMakeFiles/LedBlink.elf.dir/Drivers/STM32F4xx_HAL_Driver/Src/stm32f4xx_hal_pwr_ex.c.obj
 .bss           0x0000000000000000        0x0 CMakeFiles/LedBlink.elf.dir/Drivers/STM32F4xx_HAL_Driver/Src/stm32f4xx_hal_pwr_ex.c.obj
 .text.HAL_PWREx_EnableBkUpReg
                0x0000000000000000       0x68 CMakeFiles/LedBlink.elf.dir/Drivers/STM32F4xx_HAL_Driver/Src/stm32f4xx_hal_pwr_ex.c.obj
 .text.HAL_PWREx_DisableBkUpReg
                0x0000000000000000       0x68 CMakeFiles/LedBlink.elf.dir/Drivers/STM32F4xx_HAL_Driver/Src/stm32f4xx_hal_pwr_ex.c.obj
 .text.HAL_PWREx_EnableFlashPowerDown
                0x0000000000000000       0x34 CMakeFiles/LedBlink.elf.dir/Drivers/STM32F4xx_HAL_Driver/Src/stm32f4xx_hal_pwr_ex.c.obj
 .text.HAL_PWREx_DisableFlashPowerDown
                0x0000000000000000       0x34 CMakeFiles/LedBlink.elf.dir/Drivers/STM32F4xx_HAL_Driver/Src/stm32f4xx_hal_pwr_ex.c.obj
 .text.HAL_PWREx_GetVoltageRange
                0x0000000000000000       0x1c CMakeFiles/LedBlink.elf.dir/Drivers/STM32F4xx_HAL_Driver/Src/stm32f4xx_hal_pwr_ex.c.obj
 .text.HAL_PWREx_ControlVoltageScaling
                0x0000000000000000       0x84 CMakeFiles/LedBlink.elf.dir/Drivers/STM32F4xx_HAL_Driver/Src/stm32f4xx_hal_pwr_ex.c.obj
 .debug_info    0x0000000000000000      0x4bb CMakeFiles/LedBlink.elf.dir/Drivers/STM32F4xx_HAL_Driver/Src/stm32f4xx_hal_pwr_ex.c.obj
 .debug_abbrev  0x0000000000000000      0x197 CMakeFiles/LedBlink.elf.dir/Drivers/STM32F4xx_HAL_Driver/Src/stm32f4xx_hal_pwr_ex.c.obj
 .debug_aranges
                0x0000000000000000       0x48 CMakeFiles/LedBlink.elf.dir/Drivers/STM32F4xx_HAL_Driver/Src/stm32f4xx_hal_pwr_ex.c.obj
 .debug_ranges  0x0000000000000000       0x38 CMakeFiles/LedBlink.elf.dir/Drivers/STM32F4xx_HAL_Driver/Src/stm32f4xx_hal_pwr_ex.c.obj
 .debug_line    0x0000000000000000      0x2c0 CMakeFiles/LedBlink.elf.dir/Drivers/STM32F4xx_HAL_Driver/Src/stm32f4xx_hal_pwr_ex.c.obj
 .debug_str     0x0000000000000000      0x44b CMakeFiles/LedBlink.elf.dir/Drivers/STM32F4xx_HAL_Driver/Src/stm32f4xx_hal_pwr_ex.c.obj
 .comment       0x0000000000000000       0x39 CMakeFiles/LedBlink.elf.dir/Drivers/STM32F4xx_HAL_Driver/Src/stm32f4xx_hal_pwr_ex.c.obj
 .debug_frame   0x0000000000000000       0xec CMakeFiles/LedBlink.elf.dir/Drivers/STM32F4xx_HAL_Driver/Src/stm32f4xx_hal_pwr_ex.c.obj
 .ARM.attributes
                0x0000000000000000       0x39 CMakeFiles/LedBlink.elf.dir/Drivers/STM32F4xx_HAL_Driver/Src/stm32f4xx_hal_pwr_ex.c.obj
 .text          0x0000000000000000        0x0 CMakeFiles/LedBlink.elf.dir/Drivers/STM32F4xx_HAL_Driver/Src/stm32f4xx_hal_rcc.c.obj
 .data          0x0000000000000000        0x0 CMakeFiles/LedBlink.elf.dir/Drivers/STM32F4xx_HAL_Driver/Src/stm32f4xx_hal_rcc.c.obj
 .bss           0x0000000000000000        0x0 CMakeFiles/LedBlink.elf.dir/Drivers/STM32F4xx_HAL_Driver/Src/stm32f4xx_hal_rcc.c.obj
 .text.HAL_RCC_DeInit
                0x0000000000000000        0xc CMakeFiles/LedBlink.elf.dir/Drivers/STM32F4xx_HAL_Driver/Src/stm32f4xx_hal_rcc.c.obj
 .text.HAL_RCC_MCOConfig
                0x0000000000000000       0xcc CMakeFiles/LedBlink.elf.dir/Drivers/STM32F4xx_HAL_Driver/Src/stm32f4xx_hal_rcc.c.obj
 .text.HAL_RCC_EnableCSS
                0x0000000000000000       0x18 CMakeFiles/LedBlink.elf.dir/Drivers/STM32F4xx_HAL_Driver/Src/stm32f4xx_hal_rcc.c.obj
 .text.HAL_RCC_DisableCSS
                0x0000000000000000       0x18 CMakeFiles/LedBlink.elf.dir/Drivers/STM32F4xx_HAL_Driver/Src/stm32f4xx_hal_rcc.c.obj
 .text.HAL_RCC_GetPCLK1Freq
                0x0000000000000000       0x44 CMakeFiles/LedBlink.elf.dir/Drivers/STM32F4xx_HAL_Driver/Src/stm32f4xx_hal_rcc.c.obj
 .text.HAL_RCC_GetPCLK2Freq
                0x0000000000000000       0x44 CMakeFiles/LedBlink.elf.dir/Drivers/STM32F4xx_HAL_Driver/Src/stm32f4xx_hal_rcc.c.obj
 .text.HAL_RCC_GetOscConfig
                0x0000000000000000      0x174 CMakeFiles/LedBlink.elf.dir/Drivers/STM32F4xx_HAL_Driver/Src/stm32f4xx_hal_rcc.c.obj
 .text.HAL_RCC_GetClockConfig
                0x0000000000000000       0x60 CMakeFiles/LedBlink.elf.dir/Drivers/STM32F4xx_HAL_Driver/Src/stm32f4xx_hal_rcc.c.obj
 .text.HAL_RCC_NMI_IRQHandler
                0x0000000000000000       0x24 CMakeFiles/LedBlink.elf.dir/Drivers/STM32F4xx_HAL_Driver/Src/stm32f4xx_hal_rcc.c.obj
 .text.HAL_RCC_CSSCallback
                0x0000000000000000        0xc CMakeFiles/LedBlink.elf.dir/Drivers/STM32F4xx_HAL_Driver/Src/stm32f4xx_hal_rcc.c.obj
 .text          0x0000000000000000        0x0 CMakeFiles/LedBlink.elf.dir/Drivers/STM32F4xx_HAL_Driver/Src/stm32f4xx_hal_rcc_ex.c.obj
 .data          0x0000000000000000        0x0 CMakeFiles/LedBlink.elf.dir/Drivers/STM32F4xx_HAL_Driver/Src/stm32f4xx_hal_rcc_ex.c.obj
 .bss           0x0000000000000000        0x0 CMakeFiles/LedBlink.elf.dir/Drivers/STM32F4xx_HAL_Driver/Src/stm32f4xx_hal_rcc_ex.c.obj
 .text.HAL_RCCEx_PeriphCLKConfig
                0x0000000000000000      0x1ec CMakeFiles/LedBlink.elf.dir/Drivers/STM32F4xx_HAL_Driver/Src/stm32f4xx_hal_rcc_ex.c.obj
 .text.HAL_RCCEx_GetPeriphCLKConfig
                0x0000000000000000       0x84 CMakeFiles/LedBlink.elf.dir/Drivers/STM32F4xx_HAL_Driver/Src/stm32f4xx_hal_rcc_ex.c.obj
 .text.HAL_RCCEx_GetPeriphCLKFreq
                0x0000000000000000       0xc0 CMakeFiles/LedBlink.elf.dir/Drivers/STM32F4xx_HAL_Driver/Src/stm32f4xx_hal_rcc_ex.c.obj
 .text.HAL_RCC_DeInit
                0x0000000000000000       0x78 CMakeFiles/LedBlink.elf.dir/Drivers/STM32F4xx_HAL_Driver/Src/stm32f4xx_hal_rcc_ex.c.obj
 .debug_info    0x0000000000000000      0x570 CMakeFiles/LedBlink.elf.dir/Drivers/STM32F4xx_HAL_Driver/Src/stm32f4xx_hal_rcc_ex.c.obj
 .debug_abbrev  0x0000000000000000      0x1c2 CMakeFiles/LedBlink.elf.dir/Drivers/STM32F4xx_HAL_Driver/Src/stm32f4xx_hal_rcc_ex.c.obj
 .debug_aranges
                0x0000000000000000       0x38 CMakeFiles/LedBlink.elf.dir/Drivers/STM32F4xx_HAL_Driver/Src/stm32f4xx_hal_rcc_ex.c.obj
 .debug_ranges  0x0000000000000000       0x28 CMakeFiles/LedBlink.elf.dir/Drivers/STM32F4xx_HAL_Driver/Src/stm32f4xx_hal_rcc_ex.c.obj
 .debug_line    0x0000000000000000      0x32f CMakeFiles/LedBlink.elf.dir/Drivers/STM32F4xx_HAL_Driver/Src/stm32f4xx_hal_rcc_ex.c.obj
 .debug_str     0x0000000000000000      0x4ce CMakeFiles/LedBlink.elf.dir/Drivers/STM32F4xx_HAL_Driver/Src/stm32f4xx_hal_rcc_ex.c.obj
 .comment       0x0000000000000000       0x39 CMakeFiles/LedBlink.elf.dir/Drivers/STM32F4xx_HAL_Driver/Src/stm32f4xx_hal_rcc_ex.c.obj
 .debug_frame   0x0000000000000000       0xa4 CMakeFiles/LedBlink.elf.dir/Drivers/STM32F4xx_HAL_Driver/Src/stm32f4xx_hal_rcc_ex.c.obj
 .ARM.attributes
                0x0000000000000000       0x39 CMakeFiles/LedBlink.elf.dir/Drivers/STM32F4xx_HAL_Driver/Src/stm32f4xx_hal_rcc_ex.c.obj
 .text          0x0000000000000000        0x0 CMakeFiles/LedBlink.elf.dir/Drivers/STM32F4xx_HAL_Driver/Src/stm32f4xx_hal_tim.c.obj
 .data          0x0000000000000000        0x0 CMakeFiles/LedBlink.elf.dir/Drivers/STM32F4xx_HAL_Driver/Src/stm32f4xx_hal_tim.c.obj
 .bss           0x0000000000000000        0x0 CMakeFiles/LedBlink.elf.dir/Drivers/STM32F4xx_HAL_Driver/Src/stm32f4xx_hal_tim.c.obj
 .debug_info    0x0000000000000000       0x99 CMakeFiles/LedBlink.elf.dir/Drivers/STM32F4xx_HAL_Driver/Src/stm32f4xx_hal_tim.c.obj
 .debug_abbrev  0x0000000000000000       0x4b CMakeFiles/LedBlink.elf.dir/Drivers/STM32F4xx_HAL_Driver/Src/stm32f4xx_hal_tim.c.obj
 .debug_aranges
                0x0000000000000000       0x18 CMakeFiles/LedBlink.elf.dir/Drivers/STM32F4xx_HAL_Driver/Src/stm32f4xx_hal_tim.c.obj
 .debug_line    0x0000000000000000       0xbf CMakeFiles/LedBlink.elf.dir/Drivers/STM32F4xx_HAL_Driver/Src/stm32f4xx_hal_tim.c.obj
 .debug_str     0x0000000000000000      0x201 CMakeFiles/LedBlink.elf.dir/Drivers/STM32F4xx_HAL_Driver/Src/stm32f4xx_hal_tim.c.obj
 .comment       0x0000000000000000       0x39 CMakeFiles/LedBlink.elf.dir/Drivers/STM32F4xx_HAL_Driver/Src/stm32f4xx_hal_tim.c.obj
 .ARM.attributes
                0x0000000000000000       0x39 CMakeFiles/LedBlink.elf.dir/Drivers/STM32F4xx_HAL_Driver/Src/stm32f4xx_hal_tim.c.obj
 .text          0x0000000000000000        0x0 CMakeFiles/LedBlink.elf.dir/Drivers/STM32F4xx_HAL_Driver/Src/stm32f4xx_hal_tim_ex.c.obj
 .data          0x0000000000000000        0x0 CMakeFiles/LedBlink.elf.dir/Drivers/STM32F4xx_HAL_Driver/Src/stm32f4xx_hal_tim_ex.c.obj
 .bss           0x0000000000000000        0x0 CMakeFiles/LedBlink.elf.dir/Drivers/STM32F4xx_HAL_Driver/Src/stm32f4xx_hal_tim_ex.c.obj
 .debug_info    0x0000000000000000       0x99 CMakeFiles/LedBlink.elf.dir/Drivers/STM32F4xx_HAL_Driver/Src/stm32f4xx_hal_tim_ex.c.obj
 .debug_abbrev  0x0000000000000000       0x4b CMakeFiles/LedBlink.elf.dir/Drivers/STM32F4xx_HAL_Driver/Src/stm32f4xx_hal_tim_ex.c.obj
 .debug_aranges
                0x0000000000000000       0x18 CMakeFiles/LedBlink.elf.dir/Drivers/STM32F4xx_HAL_Driver/Src/stm32f4xx_hal_tim_ex.c.obj
 .debug_line    0x0000000000000000       0xbf CMakeFiles/LedBlink.elf.dir/Drivers/STM32F4xx_HAL_Driver/Src/stm32f4xx_hal_tim_ex.c.obj
 .debug_str     0x0000000000000000      0x204 CMakeFiles/LedBlink.elf.dir/Drivers/STM32F4xx_HAL_Driver/Src/stm32f4xx_hal_tim_ex.c.obj
 .comment       0x0000000000000000       0x39 CMakeFiles/LedBlink.elf.dir/Drivers/STM32F4xx_HAL_Driver/Src/stm32f4xx_hal_tim_ex.c.obj
 .ARM.attributes
                0x0000000000000000       0x39 CMakeFiles/LedBlink.elf.dir/Drivers/STM32F4xx_HAL_Driver/Src/stm32f4xx_hal_tim_ex.c.obj
 .text          0x0000000000000000       0x14 libCMSIS.a(startup_stm32f407xx.s.obj)
 .data          0x0000000000000000        0x0 libCMSIS.a(startup_stm32f407xx.s.obj)
 .bss           0x0000000000000000        0x0 libCMSIS.a(startup_stm32f407xx.s.obj)
 .text          0x0000000000000000        0x0 /usr/lib/gcc/arm-none-eabi/4.9.3/../../../arm-none-eabi/lib/armv7e-m/fpu/libg.a(lib_a-atexit.o)
 .data          0x0000000000000000        0x0 /usr/lib/gcc/arm-none-eabi/4.9.3/../../../arm-none-eabi/lib/armv7e-m/fpu/libg.a(lib_a-atexit.o)
 .bss           0x0000000000000000        0x0 /usr/lib/gcc/arm-none-eabi/4.9.3/../../../arm-none-eabi/lib/armv7e-m/fpu/libg.a(lib_a-atexit.o)
 .text          0x0000000000000000        0x0 /usr/lib/gcc/arm-none-eabi/4.9.3/../../../arm-none-eabi/lib/armv7e-m/fpu/libg.a(lib_a-exit.o)
 .data          0x0000000000000000        0x0 /usr/lib/gcc/arm-none-eabi/4.9.3/../../../arm-none-eabi/lib/armv7e-m/fpu/libg.a(lib_a-exit.o)
 .bss           0x0000000000000000        0x0 /usr/lib/gcc/arm-none-eabi/4.9.3/../../../arm-none-eabi/lib/armv7e-m/fpu/libg.a(lib_a-exit.o)
 .text.exit     0x0000000000000000       0x20 /usr/lib/gcc/arm-none-eabi/4.9.3/../../../arm-none-eabi/lib/armv7e-m/fpu/libg.a(lib_a-exit.o)
 .debug_info    0x0000000000000000      0x8e4 /usr/lib/gcc/arm-none-eabi/4.9.3/../../../arm-none-eabi/lib/armv7e-m/fpu/libg.a(lib_a-exit.o)
 .debug_abbrev  0x0000000000000000      0x1e6 /usr/lib/gcc/arm-none-eabi/4.9.3/../../../arm-none-eabi/lib/armv7e-m/fpu/libg.a(lib_a-exit.o)
 .debug_loc     0x0000000000000000       0x1e /usr/lib/gcc/arm-none-eabi/4.9.3/../../../arm-none-eabi/lib/armv7e-m/fpu/libg.a(lib_a-exit.o)
 .debug_aranges
                0x0000000000000000       0x20 /usr/lib/gcc/arm-none-eabi/4.9.3/../../../arm-none-eabi/lib/armv7e-m/fpu/libg.a(lib_a-exit.o)
 .debug_ranges  0x0000000000000000       0x10 /usr/lib/gcc/arm-none-eabi/4.9.3/../../../arm-none-eabi/lib/armv7e-m/fpu/libg.a(lib_a-exit.o)
 .debug_line    0x0000000000000000      0x178 /usr/lib/gcc/arm-none-eabi/4.9.3/../../../arm-none-eabi/lib/armv7e-m/fpu/libg.a(lib_a-exit.o)
 .debug_str     0x0000000000000000      0x5e5 /usr/lib/gcc/arm-none-eabi/4.9.3/../../../arm-none-eabi/lib/armv7e-m/fpu/libg.a(lib_a-exit.o)
 .comment       0x0000000000000000       0x39 /usr/lib/gcc/arm-none-eabi/4.9.3/../../../arm-none-eabi/lib/armv7e-m/fpu/libg.a(lib_a-exit.o)
 .debug_frame   0x0000000000000000       0x28 /usr/lib/gcc/arm-none-eabi/4.9.3/../../../arm-none-eabi/lib/armv7e-m/fpu/libg.a(lib_a-exit.o)
 .ARM.attributes
                0x0000000000000000       0x34 /usr/lib/gcc/arm-none-eabi/4.9.3/../../../arm-none-eabi/lib/armv7e-m/fpu/libg.a(lib_a-exit.o)
 .text          0x0000000000000000        0x0 /usr/lib/gcc/arm-none-eabi/4.9.3/../../../arm-none-eabi/lib/armv7e-m/fpu/libg.a(lib_a-fini.o)
 .data          0x0000000000000000        0x0 /usr/lib/gcc/arm-none-eabi/4.9.3/../../../arm-none-eabi/lib/armv7e-m/fpu/libg.a(lib_a-fini.o)
 .bss           0x0000000000000000        0x0 /usr/lib/gcc/arm-none-eabi/4.9.3/../../../arm-none-eabi/lib/armv7e-m/fpu/libg.a(lib_a-fini.o)
 .text          0x0000000000000000        0x0 /usr/lib/gcc/arm-none-eabi/4.9.3/../../../arm-none-eabi/lib/armv7e-m/fpu/libg.a(lib_a-impure.o)
 .data          0x0000000000000000        0x0 /usr/lib/gcc/arm-none-eabi/4.9.3/../../../arm-none-eabi/lib/armv7e-m/fpu/libg.a(lib_a-impure.o)
 .bss           0x0000000000000000        0x0 /usr/lib/gcc/arm-none-eabi/4.9.3/../../../arm-none-eabi/lib/armv7e-m/fpu/libg.a(lib_a-impure.o)
 .data._impure_ptr
                0x0000000000000000        0x4 /usr/lib/gcc/arm-none-eabi/4.9.3/../../../arm-none-eabi/lib/armv7e-m/fpu/libg.a(lib_a-impure.o)
 .text          0x0000000000000000        0x0 /usr/lib/gcc/arm-none-eabi/4.9.3/../../../arm-none-eabi/lib/armv7e-m/fpu/libg.a(lib_a-init.o)
 .data          0x0000000000000000        0x0 /usr/lib/gcc/arm-none-eabi/4.9.3/../../../arm-none-eabi/lib/armv7e-m/fpu/libg.a(lib_a-init.o)
 .bss           0x0000000000000000        0x0 /usr/lib/gcc/arm-none-eabi/4.9.3/../../../arm-none-eabi/lib/armv7e-m/fpu/libg.a(lib_a-init.o)
 .text          0x0000000000000000        0x0 /usr/lib/gcc/arm-none-eabi/4.9.3/../../../arm-none-eabi/lib/armv7e-m/fpu/libg.a(lib_a-memset.o)
 .data          0x0000000000000000        0x0 /usr/lib/gcc/arm-none-eabi/4.9.3/../../../arm-none-eabi/lib/armv7e-m/fpu/libg.a(lib_a-memset.o)
 .bss           0x0000000000000000        0x0 /usr/lib/gcc/arm-none-eabi/4.9.3/../../../arm-none-eabi/lib/armv7e-m/fpu/libg.a(lib_a-memset.o)
 .text.memset   0x0000000000000000       0x9c /usr/lib/gcc/arm-none-eabi/4.9.3/../../../arm-none-eabi/lib/armv7e-m/fpu/libg.a(lib_a-memset.o)
 .debug_info    0x0000000000000000      0x117 /usr/lib/gcc/arm-none-eabi/4.9.3/../../../arm-none-eabi/lib/armv7e-m/fpu/libg.a(lib_a-memset.o)
 .debug_abbrev  0x0000000000000000       0x9f /usr/lib/gcc/arm-none-eabi/4.9.3/../../../arm-none-eabi/lib/armv7e-m/fpu/libg.a(lib_a-memset.o)
 .debug_loc     0x0000000000000000      0x1ae /usr/lib/gcc/arm-none-eabi/4.9.3/../../../arm-none-eabi/lib/armv7e-m/fpu/libg.a(lib_a-memset.o)
 .debug_aranges
                0x0000000000000000       0x20 /usr/lib/gcc/arm-none-eabi/4.9.3/../../../arm-none-eabi/lib/armv7e-m/fpu/libg.a(lib_a-memset.o)
 .debug_ranges  0x0000000000000000       0x10 /usr/lib/gcc/arm-none-eabi/4.9.3/../../../arm-none-eabi/lib/armv7e-m/fpu/libg.a(lib_a-memset.o)
 .debug_line    0x0000000000000000      0x11c /usr/lib/gcc/arm-none-eabi/4.9.3/../../../arm-none-eabi/lib/armv7e-m/fpu/libg.a(lib_a-memset.o)
 .debug_str     0x0000000000000000      0x21f /usr/lib/gcc/arm-none-eabi/4.9.3/../../../arm-none-eabi/lib/armv7e-m/fpu/libg.a(lib_a-memset.o)
 .comment       0x0000000000000000       0x39 /usr/lib/gcc/arm-none-eabi/4.9.3/../../../arm-none-eabi/lib/armv7e-m/fpu/libg.a(lib_a-memset.o)
 .debug_frame   0x0000000000000000       0x34 /usr/lib/gcc/arm-none-eabi/4.9.3/../../../arm-none-eabi/lib/armv7e-m/fpu/libg.a(lib_a-memset.o)
 .ARM.attributes
                0x0000000000000000       0x34 /usr/lib/gcc/arm-none-eabi/4.9.3/../../../arm-none-eabi/lib/armv7e-m/fpu/libg.a(lib_a-memset.o)
 .text          0x0000000000000000        0x0 /usr/lib/gcc/arm-none-eabi/4.9.3/../../../arm-none-eabi/lib/armv7e-m/fpu/libg.a(lib_a-__atexit.o)
 .data          0x0000000000000000        0x0 /usr/lib/gcc/arm-none-eabi/4.9.3/../../../arm-none-eabi/lib/armv7e-m/fpu/libg.a(lib_a-__atexit.o)
 .bss           0x0000000000000000        0x0 /usr/lib/gcc/arm-none-eabi/4.9.3/../../../arm-none-eabi/lib/armv7e-m/fpu/libg.a(lib_a-__atexit.o)
 .text          0x0000000000000000        0x0 /usr/lib/gcc/arm-none-eabi/4.9.3/../../../arm-none-eabi/lib/armv7e-m/fpu/libg.a(lib_a-__call_atexit.o)
 .data          0x0000000000000000        0x0 /usr/lib/gcc/arm-none-eabi/4.9.3/../../../arm-none-eabi/lib/armv7e-m/fpu/libg.a(lib_a-__call_atexit.o)
 .bss           0x0000000000000000        0x0 /usr/lib/gcc/arm-none-eabi/4.9.3/../../../arm-none-eabi/lib/armv7e-m/fpu/libg.a(lib_a-__call_atexit.o)
 .text.__call_exitprocs
                0x0000000000000000       0xd4 /usr/lib/gcc/arm-none-eabi/4.9.3/../../../arm-none-eabi/lib/armv7e-m/fpu/libg.a(lib_a-__call_atexit.o)
 .text          0x0000000000000000        0x0 /usr/lib/gcc/arm-none-eabi/4.9.3/armv7e-m/fpu/crtend.o
 .data          0x0000000000000000        0x0 /usr/lib/gcc/arm-none-eabi/4.9.3/armv7e-m/fpu/crtend.o
 .bss           0x0000000000000000        0x0 /usr/lib/gcc/arm-none-eabi/4.9.3/armv7e-m/fpu/crtend.o
 .eh_frame      0x0000000000000000        0x4 /usr/lib/gcc/arm-none-eabi/4.9.3/armv7e-m/fpu/crtend.o
 .jcr           0x0000000000000000        0x4 /usr/lib/gcc/arm-none-eabi/4.9.3/armv7e-m/fpu/crtend.o
 .text          0x0000000000000000        0x0 /usr/lib/gcc/arm-none-eabi/4.9.3/armv7e-m/fpu/crtn.o
 .data          0x0000000000000000        0x0 /usr/lib/gcc/arm-none-eabi/4.9.3/armv7e-m/fpu/crtn.o
 .bss           0x0000000000000000        0x0 /usr/lib/gcc/arm-none-eabi/4.9.3/armv7e-m/fpu/crtn.o

Memory Configuration

Name             Origin             Length             Attributes
FLASH            0x0000000008000000 0x0000000000040000 xr
RAM              0x0000000020000000 0x000000000000a000 xrw
MEMORY_B1        0x0000000060000000 0x0000000000000000 xr
*default*        0x0000000000000000 0xffffffffffffffff

Linker script and memory map

LOAD /usr/lib/gcc/arm-none-eabi/4.9.3/armv7e-m/fpu/crti.o
LOAD /usr/lib/gcc/arm-none-eabi/4.9.3/armv7e-m/fpu/crtbegin.o
LOAD /usr/lib/gcc/arm-none-eabi/4.9.3/../../../arm-none-eabi/lib/armv7e-m/fpu/crt0.o
LOAD CMakeFiles/LedBlink.elf.dir/Src/main.c.obj
LOAD CMakeFiles/LedBlink.elf.dir/Src/stm32f4xx_hal_msp.c.obj
LOAD CMakeFiles/LedBlink.elf.dir/Src/stm32f4xx_it.c.obj
LOAD CMakeFiles/LedBlink.elf.dir/Src/system_stm32f4xx.c.obj
LOAD CMakeFiles/LedBlink.elf.dir/Drivers/STM32F4xx_HAL_Driver/Src/stm32f4xx_hal.c.obj
LOAD CMakeFiles/LedBlink.elf.dir/Drivers/STM32F4xx_HAL_Driver/Src/stm32f4xx_hal_cortex.c.obj
LOAD CMakeFiles/LedBlink.elf.dir/Drivers/STM32F4xx_HAL_Driver/Src/stm32f4xx_hal_dma.c.obj
LOAD CMakeFiles/LedBlink.elf.dir/Drivers/STM32F4xx_HAL_Driver/Src/stm32f4xx_hal_dma_ex.c.obj
LOAD CMakeFiles/LedBlink.elf.dir/Drivers/STM32F4xx_HAL_Driver/Src/stm32f4xx_hal_flash.c.obj
LOAD CMakeFiles/LedBlink.elf.dir/Drivers/STM32F4xx_HAL_Driver/Src/stm32f4xx_hal_flash_ex.c.obj
LOAD CMakeFiles/LedBlink.elf.dir/Drivers/STM32F4xx_HAL_Driver/Src/stm32f4xx_hal_flash_ramfunc.c.obj
LOAD CMakeFiles/LedBlink.elf.dir/Drivers/STM32F4xx_HAL_Driver/Src/stm32f4xx_hal_gpio.c.obj
LOAD CMakeFiles/LedBlink.elf.dir/Drivers/STM32F4xx_HAL_Driver/Src/stm32f4xx_hal_pwr.c.obj
LOAD CMakeFiles/LedBlink.elf.dir/Drivers/STM32F4xx_HAL_Driver/Src/stm32f4xx_hal_pwr_ex.c.obj
LOAD CMakeFiles/LedBlink.elf.dir/Drivers/STM32F4xx_HAL_Driver/Src/stm32f4xx_hal_rcc.c.obj
LOAD CMakeFiles/LedBlink.elf.dir/Drivers/STM32F4xx_HAL_Driver/Src/stm32f4xx_hal_rcc_ex.c.obj
LOAD CMakeFiles/LedBlink.elf.dir/Drivers/STM32F4xx_HAL_Driver/Src/stm32f4xx_hal_tim.c.obj
LOAD CMakeFiles/LedBlink.elf.dir/Drivers/STM32F4xx_HAL_Driver/Src/stm32f4xx_hal_tim_ex.c.obj
LOAD libCMSIS.a
START GROUP
LOAD /usr/lib/gcc/arm-none-eabi/4.9.3/armv7e-m/fpu/libgcc.a
LOAD /usr/lib/gcc/arm-none-eabi/4.9.3/../../../arm-none-eabi/lib/armv7e-m/fpu/libg.a
LOAD /usr/lib/gcc/arm-none-eabi/4.9.3/../../../arm-none-eabi/lib/armv7e-m/fpu/libc.a
END GROUP
LOAD /usr/lib/gcc/arm-none-eabi/4.9.3/armv7e-m/fpu/crtend.o
LOAD /usr/lib/gcc/arm-none-eabi/4.9.3/armv7e-m/fpu/crtn.o
                0x000000002000a000                _estack = 0x2000a000
                0x0000000000002000                _Min_Heap_Size = 0x2000
                0x0000000000004000                _Min_Stack_Size = 0x4000

.isr_vector     0x0000000008000000      0x188
                0x0000000008000000                . = ALIGN (0x4)
 *(.isr_vector)
 .isr_vector    0x0000000008000000      0x188 libCMSIS.a(startup_stm32f407xx.s.obj)
                0x0000000008000000                g_pfnVectors
                0x0000000008000188                . = ALIGN (0x4)

.eh_frame       0x0000000008000188        0x0
 .eh_frame      0x0000000008000188        0x0 /usr/lib/gcc/arm-none-eabi/4.9.3/armv7e-m/fpu/crtbegin.o

.text           0x0000000008000188     0x15a0
                0x0000000008000188                . = ALIGN (0x4)
 *(.text)
 .text          0x0000000008000188       0xa4 /usr/lib/gcc/arm-none-eabi/4.9.3/armv7e-m/fpu/crtbegin.o
 *(.text*)
 .text.main     0x000000000800022c       0x5c CMakeFiles/LedBlink.elf.dir/Src/main.c.obj
                0x000000000800022c                main
 .text.SystemClock_Config
                0x0000000008000288       0xe8 CMakeFiles/LedBlink.elf.dir/Src/main.c.obj
                0x0000000008000288                SystemClock_Config
 .text.MX_GPIO_Init
                0x0000000008000370      0x2a8 CMakeFiles/LedBlink.elf.dir/Src/main.c.obj
 .text._Error_Handler
                0x0000000008000618        0xc CMakeFiles/LedBlink.elf.dir/Src/main.c.obj
                0x0000000008000618                _Error_Handler
 .text.HAL_MspInit
                0x0000000008000624       0x60 CMakeFiles/LedBlink.elf.dir/Src/stm32f4xx_hal_msp.c.obj
                0x0000000008000624                HAL_MspInit
 .text.SysTick_Handler
                0x0000000008000684       0x10 CMakeFiles/LedBlink.elf.dir/Src/stm32f4xx_it.c.obj
                0x0000000008000684                SysTick_Handler
 .text.SystemInit
                0x0000000008000694       0x6c CMakeFiles/LedBlink.elf.dir/Src/system_stm32f4xx.c.obj
                0x0000000008000694                SystemInit
 .text.HAL_Init
                0x0000000008000700       0x44 CMakeFiles/LedBlink.elf.dir/Drivers/STM32F4xx_HAL_Driver/Src/stm32f4xx_hal.c.obj
                0x0000000008000700                HAL_Init
 .text.HAL_InitTick
                0x0000000008000744       0x38 CMakeFiles/LedBlink.elf.dir/Drivers/STM32F4xx_HAL_Driver/Src/stm32f4xx_hal.c.obj
                0x0000000008000744                HAL_InitTick
 .text.HAL_IncTick
                0x000000000800077c       0x1c CMakeFiles/LedBlink.elf.dir/Drivers/STM32F4xx_HAL_Driver/Src/stm32f4xx_hal.c.obj
                0x000000000800077c                HAL_IncTick
 .text.HAL_GetTick
                0x0000000008000798       0x18 CMakeFiles/LedBlink.elf.dir/Drivers/STM32F4xx_HAL_Driver/Src/stm32f4xx_hal.c.obj
                0x0000000008000798                HAL_GetTick
 .text.NVIC_SetPriorityGrouping
                0x00000000080007b0       0x48 CMakeFiles/LedBlink.elf.dir/Drivers/STM32F4xx_HAL_Driver/Src/stm32f4xx_hal_cortex.c.obj
 .text.NVIC_GetPriorityGrouping
                0x00000000080007f8       0x1c CMakeFiles/LedBlink.elf.dir/Drivers/STM32F4xx_HAL_Driver/Src/stm32f4xx_hal_cortex.c.obj
 .text.NVIC_SetPriority
                0x0000000008000814       0x54 CMakeFiles/LedBlink.elf.dir/Drivers/STM32F4xx_HAL_Driver/Src/stm32f4xx_hal_cortex.c.obj
 .text.NVIC_EncodePriority
                0x0000000008000868       0x64 CMakeFiles/LedBlink.elf.dir/Drivers/STM32F4xx_HAL_Driver/Src/stm32f4xx_hal_cortex.c.obj
 .text.SysTick_Config
                0x00000000080008cc       0x44 CMakeFiles/LedBlink.elf.dir/Drivers/STM32F4xx_HAL_Driver/Src/stm32f4xx_hal_cortex.c.obj
 .text.HAL_NVIC_SetPriorityGrouping
                0x0000000008000910       0x14 CMakeFiles/LedBlink.elf.dir/Drivers/STM32F4xx_HAL_Driver/Src/stm32f4xx_hal_cortex.c.obj
                0x0000000008000910                HAL_NVIC_SetPriorityGrouping
 .text.HAL_NVIC_SetPriority
                0x0000000008000924       0x38 CMakeFiles/LedBlink.elf.dir/Drivers/STM32F4xx_HAL_Driver/Src/stm32f4xx_hal_cortex.c.obj
                0x0000000008000924                HAL_NVIC_SetPriority
 .text.HAL_SYSTICK_Config
                0x000000000800095c       0x18 CMakeFiles/LedBlink.elf.dir/Drivers/STM32F4xx_HAL_Driver/Src/stm32f4xx_hal_cortex.c.obj
                0x000000000800095c                HAL_SYSTICK_Config
 .text.HAL_SYSTICK_CLKSourceConfig
                0x0000000008000974       0x38 CMakeFiles/LedBlink.elf.dir/Drivers/STM32F4xx_HAL_Driver/Src/stm32f4xx_hal_cortex.c.obj
                0x0000000008000974                HAL_SYSTICK_CLKSourceConfig
 .text.HAL_SYSTICK_IRQHandler
                0x00000000080009ac        0xc CMakeFiles/LedBlink.elf.dir/Drivers/STM32F4xx_HAL_Driver/Src/stm32f4xx_hal_cortex.c.obj
                0x00000000080009ac                HAL_SYSTICK_IRQHandler
 .text.HAL_SYSTICK_Callback
                0x00000000080009b8        0xc CMakeFiles/LedBlink.elf.dir/Drivers/STM32F4xx_HAL_Driver/Src/stm32f4xx_hal_cortex.c.obj
                0x00000000080009b8                HAL_SYSTICK_Callback
 .text.HAL_GPIO_Init
                0x00000000080009c4      0x32c CMakeFiles/LedBlink.elf.dir/Drivers/STM32F4xx_HAL_Driver/Src/stm32f4xx_hal_gpio.c.obj
                0x00000000080009c4                HAL_GPIO_Init
 .text.HAL_GPIO_WritePin
                0x0000000008000cf0       0x30 CMakeFiles/LedBlink.elf.dir/Drivers/STM32F4xx_HAL_Driver/Src/stm32f4xx_hal_gpio.c.obj
                0x0000000008000cf0                HAL_GPIO_WritePin
 .text.HAL_GPIO_TogglePin
                0x0000000008000d20       0x24 CMakeFiles/LedBlink.elf.dir/Drivers/STM32F4xx_HAL_Driver/Src/stm32f4xx_hal_gpio.c.obj
                0x0000000008000d20                HAL_GPIO_TogglePin
 .text.HAL_RCC_OscConfig
                0x0000000008000d44      0x4b0 CMakeFiles/LedBlink.elf.dir/Drivers/STM32F4xx_HAL_Driver/Src/stm32f4xx_hal_rcc.c.obj
                0x0000000008000d44                HAL_RCC_OscConfig
 .text.HAL_RCC_ClockConfig
                0x00000000080011f4      0x228 CMakeFiles/LedBlink.elf.dir/Drivers/STM32F4xx_HAL_Driver/Src/stm32f4xx_hal_rcc.c.obj
                0x00000000080011f4                HAL_RCC_ClockConfig
 .text.HAL_RCC_GetSysClockFreq
                0x000000000800141c       0xfc CMakeFiles/LedBlink.elf.dir/Drivers/STM32F4xx_HAL_Driver/Src/stm32f4xx_hal_rcc.c.obj
                0x000000000800141c                HAL_RCC_GetSysClockFreq
 .text.HAL_RCC_GetHCLKFreq
                0x0000000008001518       0x18 CMakeFiles/LedBlink.elf.dir/Drivers/STM32F4xx_HAL_Driver/Src/stm32f4xx_hal_rcc.c.obj
                0x0000000008001518                HAL_RCC_GetHCLKFreq
 .text.Reset_Handler
                0x0000000008001530       0x50 libCMSIS.a(startup_stm32f407xx.s.obj)
                0x0000000008001530                Reset_Handler
 .text.Default_Handler
                0x0000000008001580        0x2 libCMSIS.a(startup_stm32f407xx.s.obj)
                0x0000000008001580                RTC_Alarm_IRQHandler
                0x0000000008001580                HASH_RNG_IRQHandler
                0x0000000008001580                EXTI2_IRQHandler
                0x0000000008001580                TIM8_CC_IRQHandler
                0x0000000008001580                DebugMon_Handler
                0x0000000008001580                TIM1_CC_IRQHandler
                0x0000000008001580                DMA2_Stream5_IRQHandler
                0x0000000008001580                HardFault_Handler
                0x0000000008001580                DMA1_Stream5_IRQHandler
                0x0000000008001580                PVD_IRQHandler
                0x0000000008001580                SDIO_IRQHandler
                0x0000000008001580                TAMP_STAMP_IRQHandler
                0x0000000008001580                PendSV_Handler
                0x0000000008001580                NMI_Handler
                0x0000000008001580                CAN2_RX1_IRQHandler
                0x0000000008001580                EXTI3_IRQHandler
                0x0000000008001580                TIM8_TRG_COM_TIM14_IRQHandler
                0x0000000008001580                TIM1_UP_TIM10_IRQHandler
                0x0000000008001580                TIM8_UP_TIM13_IRQHandler
                0x0000000008001580                I2C3_ER_IRQHandler
                0x0000000008001580                EXTI0_IRQHandler
                0x0000000008001580                I2C2_EV_IRQHandler
                0x0000000008001580                DMA1_Stream2_IRQHandler
                0x0000000008001580                CAN1_RX0_IRQHandler
                0x0000000008001580                FPU_IRQHandler
                0x0000000008001580                OTG_HS_WKUP_IRQHandler
                0x0000000008001580                UsageFault_Handler
                0x0000000008001580                CAN2_SCE_IRQHandler
                0x0000000008001580                DMA2_Stream2_IRQHandler
                0x0000000008001580                SPI1_IRQHandler
                0x0000000008001580                TIM6_DAC_IRQHandler
                0x0000000008001580                TIM1_BRK_TIM9_IRQHandler
                0x0000000008001580                DCMI_IRQHandler
                0x0000000008001580                CAN2_RX0_IRQHandler
                0x0000000008001580                DMA2_Stream3_IRQHandler
                0x0000000008001580                USART6_IRQHandler
                0x0000000008001580                USART3_IRQHandler
                0x0000000008001580                CAN1_RX1_IRQHandler
                0x0000000008001580                UART5_IRQHandler
                0x0000000008001580                DMA2_Stream0_IRQHandler
                0x0000000008001580                TIM4_IRQHandler
                0x0000000008001580                I2C1_EV_IRQHandler
                0x0000000008001580                DMA1_Stream6_IRQHandler
                0x0000000008001580                DMA1_Stream1_IRQHandler
                0x0000000008001580                UART4_IRQHandler
                0x0000000008001580                TIM3_IRQHandler
                0x0000000008001580                RCC_IRQHandler
                0x0000000008001580                TIM8_BRK_TIM12_IRQHandler
                0x0000000008001580                Default_Handler
                0x0000000008001580                EXTI15_10_IRQHandler
                0x0000000008001580                ADC_IRQHandler
                0x0000000008001580                DMA1_Stream7_IRQHandler
                0x0000000008001580                TIM7_IRQHandler
                0x0000000008001580                CAN2_TX_IRQHandler
                0x0000000008001580                TIM5_IRQHandler
                0x0000000008001580                DMA2_Stream7_IRQHandler
                0x0000000008001580                I2C3_EV_IRQHandler
                0x0000000008001580                EXTI9_5_IRQHandler
                0x0000000008001580                RTC_WKUP_IRQHandler
                0x0000000008001580                ETH_WKUP_IRQHandler
                0x0000000008001580                SPI2_IRQHandler
                0x0000000008001580                OTG_HS_EP1_IN_IRQHandler
                0x0000000008001580                MemManage_Handler
                0x0000000008001580                DMA1_Stream0_IRQHandler
                0x0000000008001580                CAN1_TX_IRQHandler
                0x0000000008001580                SVC_Handler
                0x0000000008001580                EXTI4_IRQHandler
                0x0000000008001580                FSMC_IRQHandler
                0x0000000008001580                ETH_IRQHandler
                0x0000000008001580                OTG_HS_EP1_OUT_IRQHandler
                0x0000000008001580                WWDG_IRQHandler
                0x0000000008001580                TIM2_IRQHandler
                0x0000000008001580                OTG_FS_WKUP_IRQHandler
                0x0000000008001580                TIM1_TRG_COM_TIM11_IRQHandler
                0x0000000008001580                OTG_HS_IRQHandler
                0x0000000008001580                EXTI1_IRQHandler
                0x0000000008001580                USART2_IRQHandler
                0x0000000008001580                I2C2_ER_IRQHandler
                0x0000000008001580                DMA2_Stream1_IRQHandler
                0x0000000008001580                CAN1_SCE_IRQHandler
                0x0000000008001580                FLASH_IRQHandler
                0x0000000008001580                DMA2_Stream4_IRQHandler
                0x0000000008001580                BusFault_Handler
                0x0000000008001580                USART1_IRQHandler
                0x0000000008001580                OTG_FS_IRQHandler
                0x0000000008001580                SPI3_IRQHandler
                0x0000000008001580                DMA1_Stream4_IRQHandler
                0x0000000008001580                I2C1_ER_IRQHandler
                0x0000000008001580                DMA2_Stream6_IRQHandler
                0x0000000008001580                DMA1_Stream3_IRQHandler
 *fill*         0x0000000008001582        0x2 
 .text.atexit   0x0000000008001584        0xc /usr/lib/gcc/arm-none-eabi/4.9.3/../../../arm-none-eabi/lib/armv7e-m/fpu/libg.a(lib_a-atexit.o)
                0x0000000008001584                atexit
 .text.__libc_fini_array
                0x0000000008001590       0x2c /usr/lib/gcc/arm-none-eabi/4.9.3/../../../arm-none-eabi/lib/armv7e-m/fpu/libg.a(lib_a-fini.o)
                0x0000000008001590                __libc_fini_array
 .text.__libc_init_array
                0x00000000080015bc       0x50 /usr/lib/gcc/arm-none-eabi/4.9.3/../../../arm-none-eabi/lib/armv7e-m/fpu/libg.a(lib_a-init.o)
                0x00000000080015bc                __libc_init_array
 .text.__register_exitproc
                0x000000000800160c       0xa4 /usr/lib/gcc/arm-none-eabi/4.9.3/../../../arm-none-eabi/lib/armv7e-m/fpu/libg.a(lib_a-__atexit.o)
                0x000000000800160c                __register_exitproc
 .text.startup.register_fini
                0x00000000080016b0       0x14 /usr/lib/gcc/arm-none-eabi/4.9.3/../../../arm-none-eabi/lib/armv7e-m/fpu/libg.a(lib_a-__call_atexit.o)
 *(.rodata)
 .rodata        0x00000000080016c4       0x34 CMakeFiles/LedBlink.elf.dir/Src/main.c.obj
 *(.rodata*)
 .rodata.AHBPrescTable
                0x00000000080016f8       0x10 CMakeFiles/LedBlink.elf.dir/Src/system_stm32f4xx.c.obj
                0x00000000080016f8                AHBPrescTable
 .rodata.str1.4
                0x0000000008001708        0x4 /usr/lib/gcc/arm-none-eabi/4.9.3/../../../arm-none-eabi/lib/armv7e-m/fpu/libg.a(lib_a-impure.o)
 .rodata._global_impure_ptr
                0x000000000800170c        0x4 /usr/lib/gcc/arm-none-eabi/4.9.3/../../../arm-none-eabi/lib/armv7e-m/fpu/libg.a(lib_a-impure.o)
                0x000000000800170c                _global_impure_ptr
 *(.glue_7)
 .glue_7        0x0000000008001710        0x0 linker stubs
 *(.glue_7t)
 .glue_7t       0x0000000008001710        0x0 linker stubs
 *(.init)
 .init          0x0000000008001710        0x4 /usr/lib/gcc/arm-none-eabi/4.9.3/armv7e-m/fpu/crti.o
                0x0000000008001710                _init
 .init          0x0000000008001714        0x8 /usr/lib/gcc/arm-none-eabi/4.9.3/armv7e-m/fpu/crtn.o
 *(.fini)
 .fini          0x000000000800171c        0x4 /usr/lib/gcc/arm-none-eabi/4.9.3/armv7e-m/fpu/crti.o
                0x000000000800171c                _fini
 .fini          0x0000000008001720        0x8 /usr/lib/gcc/arm-none-eabi/4.9.3/armv7e-m/fpu/crtn.o
                0x0000000008001728                . = ALIGN (0x4)
                0x0000000008001728                _etext = .

.vfp11_veneer   0x0000000008001728        0x0
 .vfp11_veneer  0x0000000008001728        0x0 linker stubs

.v4_bx          0x0000000008001728        0x0
 .v4_bx         0x0000000008001728        0x0 linker stubs

.iplt           0x0000000008001728        0x0
 .iplt          0x0000000008001728        0x0 /usr/lib/gcc/arm-none-eabi/4.9.3/armv7e-m/fpu/crtbegin.o

.rel.dyn        0x0000000008001728        0x0
 .rel.iplt      0x0000000008001728        0x0 /usr/lib/gcc/arm-none-eabi/4.9.3/armv7e-m/fpu/crtbegin.o

.ARM.extab
 *(.ARM.extab* .gnu.linkonce.armextab.*)

.ARM            0x0000000008001728        0x0
                0x0000000008001728                __exidx_start = .
 *(.ARM.exidx*)
                0x0000000008001728                __exidx_end = .

.preinit_array  0x0000000008001728        0x0
                0x0000000008001728                PROVIDE (__preinit_array_start, .)
 *(.preinit_array*)
                0x0000000008001728                PROVIDE (__preinit_array_end, .)

.init_array     0x0000000008001728        0x8
                0x0000000008001728                PROVIDE (__init_array_start, .)
 *(SORT(.init_array.*))
 .init_array.00000
                0x0000000008001728        0x4 /usr/lib/gcc/arm-none-eabi/4.9.3/../../../arm-none-eabi/lib/armv7e-m/fpu/libg.a(lib_a-__call_atexit.o)
 *(.init_array*)
 .init_array    0x000000000800172c        0x4 /usr/lib/gcc/arm-none-eabi/4.9.3/armv7e-m/fpu/crtbegin.o
                0x0000000008001730                PROVIDE (__init_array_end, .)

.fini_array     0x0000000008001730        0x4
                0x0000000008001730                PROVIDE (__fini_array_start, .)
 *(.fini_array*)
 .fini_array    0x0000000008001730        0x4 /usr/lib/gcc/arm-none-eabi/4.9.3/armv7e-m/fpu/crtbegin.o
 *(SORT(.fini_array.*))
                0x0000000008001734                PROVIDE (__fini_array_end, .)
                0x0000000008001734                _sidata = .

.data           0x0000000020000000      0x430 load address 0x0000000008001734
                0x0000000020000000                . = ALIGN (0x4)
                0x0000000020000000                _sdata = .
 *(.data)
 *(.data*)
 .data.SystemCoreClock
                0x0000000020000000        0x4 CMakeFiles/LedBlink.elf.dir/Src/system_stm32f4xx.c.obj
                0x0000000020000000                SystemCoreClock
 *fill*         0x0000000020000004        0x4 
 .data.impure_data
                0x0000000020000008      0x428 /usr/lib/gcc/arm-none-eabi/4.9.3/../../../arm-none-eabi/lib/armv7e-m/fpu/libg.a(lib_a-impure.o)
                0x0000000020000430                . = ALIGN (0x4)
                0x0000000020000430                _edata = .

.jcr            0x0000000020000430        0x0 load address 0x0000000008001b64
 .jcr           0x0000000020000430        0x0 /usr/lib/gcc/arm-none-eabi/4.9.3/armv7e-m/fpu/crtbegin.o

.tm_clone_table
                0x0000000020000430        0x0 load address 0x0000000008001b64
 .tm_clone_table
                0x0000000020000430        0x0 /usr/lib/gcc/arm-none-eabi/4.9.3/armv7e-m/fpu/crtbegin.o
 .tm_clone_table
                0x0000000020000430        0x0 /usr/lib/gcc/arm-none-eabi/4.9.3/armv7e-m/fpu/crtend.o

.igot.plt       0x0000000020000430        0x0 load address 0x0000000008001b64
 .igot.plt      0x0000000020000430        0x0 /usr/lib/gcc/arm-none-eabi/4.9.3/armv7e-m/fpu/crtbegin.o
                0x0000000020000430                . = ALIGN (0x4)

.bss            0x0000000020000430       0x20 load address 0x0000000008001b64
                0x0000000020000430                _sbss = .
                0x0000000020000430                __bss_start__ = _sbss
 *(.bss)
 .bss           0x0000000020000430       0x1c /usr/lib/gcc/arm-none-eabi/4.9.3/armv7e-m/fpu/crtbegin.o
 *(.bss*)
 .bss.uwTick    0x000000002000044c        0x4 CMakeFiles/LedBlink.elf.dir/Drivers/STM32F4xx_HAL_Driver/Src/stm32f4xx_hal.c.obj
                0x000000002000044c                uwTick
 *(COMMON)
                0x0000000020000450                . = ALIGN (0x4)
                0x0000000020000450                _ebss = .
                0x0000000020000450                __bss_end__ = _ebss
                [!provide]                        PROVIDE (end, _ebss)
                [!provide]                        PROVIDE (_end, _ebss)

._user_heap_stack
                0x0000000020000450     0x6000 load address 0x0000000008001b84
                0x0000000020000450                . = ALIGN (0x4)
                0x0000000020002450                . = (. + _Min_Heap_Size)
 *fill*         0x0000000020000450     0x2000 
                0x0000000020006450                . = (. + _Min_Stack_Size)
 *fill*         0x0000000020002450     0x4000 
                0x0000000020006450                . = ALIGN (0x4)

.memory_b1_text
 *(.mb1text)
 *(.mb1text*)
 *(.mb1rodata)
 *(.mb1rodata*)

/DISCARD/
 libc.a(*)
 libm.a(*)
 libgcc.a(*)

.ARM.attributes
                0x0000000000000000       0x30
 *(.ARM.attributes)
 .ARM.attributes
                0x0000000000000000       0x22 /usr/lib/gcc/arm-none-eabi/4.9.3/armv7e-m/fpu/crti.o
 .ARM.attributes
                0x0000000000000022       0x34 /usr/lib/gcc/arm-none-eabi/4.9.3/armv7e-m/fpu/crtbegin.o
 .ARM.attributes
                0x0000000000000056       0x39 CMakeFiles/LedBlink.elf.dir/Src/main.c.obj
 .ARM.attributes
                0x000000000000008f       0x39 CMakeFiles/LedBlink.elf.dir/Src/stm32f4xx_hal_msp.c.obj
 .ARM.attributes
                0x00000000000000c8       0x39 CMakeFiles/LedBlink.elf.dir/Src/stm32f4xx_it.c.obj
 .ARM.attributes
                0x0000000000000101       0x39 CMakeFiles/LedBlink.elf.dir/Src/system_stm32f4xx.c.obj
 .ARM.attributes
                0x000000000000013a       0x39 CMakeFiles/LedBlink.elf.dir/Drivers/STM32F4xx_HAL_Driver/Src/stm32f4xx_hal.c.obj
 .ARM.attributes
                0x0000000000000173       0x39 CMakeFiles/LedBlink.elf.dir/Drivers/STM32F4xx_HAL_Driver/Src/stm32f4xx_hal_cortex.c.obj
 .ARM.attributes
                0x00000000000001ac       0x39 CMakeFiles/LedBlink.elf.dir/Drivers/STM32F4xx_HAL_Driver/Src/stm32f4xx_hal_gpio.c.obj
 .ARM.attributes
                0x00000000000001e5       0x39 CMakeFiles/LedBlink.elf.dir/Drivers/STM32F4xx_HAL_Driver/Src/stm32f4xx_hal_rcc.c.obj
 .ARM.attributes
                0x000000000000021e       0x21 libCMSIS.a(startup_stm32f407xx.s.obj)
 .ARM.attributes
                0x000000000000023f       0x34 /usr/lib/gcc/arm-none-eabi/4.9.3/../../../arm-none-eabi/lib/armv7e-m/fpu/libg.a(lib_a-atexit.o)
 .ARM.attributes
                0x0000000000000273       0x34 /usr/lib/gcc/arm-none-eabi/4.9.3/../../../arm-none-eabi/lib/armv7e-m/fpu/libg.a(lib_a-fini.o)
 .ARM.attributes
                0x00000000000002a7       0x34 /usr/lib/gcc/arm-none-eabi/4.9.3/../../../arm-none-eabi/lib/armv7e-m/fpu/libg.a(lib_a-impure.o)
 .ARM.attributes
                0x00000000000002db       0x34 /usr/lib/gcc/arm-none-eabi/4.9.3/../../../arm-none-eabi/lib/armv7e-m/fpu/libg.a(lib_a-init.o)
 .ARM.attributes
                0x000000000000030f       0x34 /usr/lib/gcc/arm-none-eabi/4.9.3/../../../arm-none-eabi/lib/armv7e-m/fpu/libg.a(lib_a-__atexit.o)
 .ARM.attributes
                0x0000000000000343       0x34 /usr/lib/gcc/arm-none-eabi/4.9.3/../../../arm-none-eabi/lib/armv7e-m/fpu/libg.a(lib_a-__call_atexit.o)
 .ARM.attributes
                0x0000000000000377       0x34 /usr/lib/gcc/arm-none-eabi/4.9.3/armv7e-m/fpu/crtend.o
 .ARM.attributes
                0x00000000000003ab       0x22 /usr/lib/gcc/arm-none-eabi/4.9.3/armv7e-m/fpu/crtn.o
OUTPUT(LedBlink.elf elf32-littlearm)

.comment        0x0000000000000000       0x70
 .comment       0x0000000000000000       0x38 /usr/lib/gcc/arm-none-eabi/4.9.3/armv7e-m/fpu/crtbegin.o
                                         0x39 (size before relaxing)
 .comment       0x0000000000000038       0x39 CMakeFiles/LedBlink.elf.dir/Src/main.c.obj
 .comment       0x0000000000000038       0x39 CMakeFiles/LedBlink.elf.dir/Src/stm32f4xx_hal_msp.c.obj
 .comment       0x0000000000000038       0x39 CMakeFiles/LedBlink.elf.dir/Src/stm32f4xx_it.c.obj
 .comment       0x0000000000000038       0x39 CMakeFiles/LedBlink.elf.dir/Src/system_stm32f4xx.c.obj
 .comment       0x0000000000000038       0x39 CMakeFiles/LedBlink.elf.dir/Drivers/STM32F4xx_HAL_Driver/Src/stm32f4xx_hal.c.obj
 .comment       0x0000000000000038       0x39 CMakeFiles/LedBlink.elf.dir/Drivers/STM32F4xx_HAL_Driver/Src/stm32f4xx_hal_cortex.c.obj
 .comment       0x0000000000000038       0x39 CMakeFiles/LedBlink.elf.dir/Drivers/STM32F4xx_HAL_Driver/Src/stm32f4xx_hal_gpio.c.obj
 .comment       0x0000000000000038       0x39 CMakeFiles/LedBlink.elf.dir/Drivers/STM32F4xx_HAL_Driver/Src/stm32f4xx_hal_rcc.c.obj
 .comment       0x0000000000000038       0x38 /usr/lib/gcc/arm-none-eabi/4.9.3/../../../arm-none-eabi/lib/armv7e-m/fpu/libg.a(lib_a-atexit.o)
                                         0x39 (size before relaxing)
 .comment       0x0000000000000070       0x39 /usr/lib/gcc/arm-none-eabi/4.9.3/../../../arm-none-eabi/lib/armv7e-m/fpu/libg.a(lib_a-fini.o)
 .comment       0x0000000000000070       0x39 /usr/lib/gcc/arm-none-eabi/4.9.3/../../../arm-none-eabi/lib/armv7e-m/fpu/libg.a(lib_a-impure.o)
 .comment       0x0000000000000070       0x39 /usr/lib/gcc/arm-none-eabi/4.9.3/../../../arm-none-eabi/lib/armv7e-m/fpu/libg.a(lib_a-init.o)
 .comment       0x0000000000000070       0x39 /usr/lib/gcc/arm-none-eabi/4.9.3/../../../arm-none-eabi/lib/armv7e-m/fpu/libg.a(lib_a-__atexit.o)
 .comment       0x0000000000000070       0x39 /usr/lib/gcc/arm-none-eabi/4.9.3/../../../arm-none-eabi/lib/armv7e-m/fpu/libg.a(lib_a-__call_atexit.o)
 .comment       0x0000000000000070       0x39 /usr/lib/gcc/arm-none-eabi/4.9.3/armv7e-m/fpu/crtend.o

.debug_info     0x0000000000000000     0x5848
 .debug_info    0x0000000000000000      0x8b8 CMakeFiles/LedBlink.elf.dir/Src/main.c.obj
 .debug_info    0x00000000000008b8      0x2e2 CMakeFiles/LedBlink.elf.dir/Src/stm32f4xx_hal_msp.c.obj
 .debug_info    0x0000000000000b9a       0xb2 CMakeFiles/LedBlink.elf.dir/Src/stm32f4xx_it.c.obj
 .debug_info    0x0000000000000c4c      0x4c6 CMakeFiles/LedBlink.elf.dir/Src/system_stm32f4xx.c.obj
 .debug_info    0x0000000000001112      0x889 CMakeFiles/LedBlink.elf.dir/Drivers/STM32F4xx_HAL_Driver/Src/stm32f4xx_hal.c.obj
 .debug_info    0x000000000000199b      0xd88 CMakeFiles/LedBlink.elf.dir/Drivers/STM32F4xx_HAL_Driver/Src/stm32f4xx_hal_cortex.c.obj
 .debug_info    0x0000000000002723      0x6f8 CMakeFiles/LedBlink.elf.dir/Drivers/STM32F4xx_HAL_Driver/Src/stm32f4xx_hal_gpio.c.obj
 .debug_info    0x0000000000002e1b      0xb26 CMakeFiles/LedBlink.elf.dir/Drivers/STM32F4xx_HAL_Driver/Src/stm32f4xx_hal_rcc.c.obj
 .debug_info    0x0000000000003941       0x98 libCMSIS.a(startup_stm32f407xx.s.obj)
 .debug_info    0x00000000000039d9      0x10a /usr/lib/gcc/arm-none-eabi/4.9.3/../../../arm-none-eabi/lib/armv7e-m/fpu/libg.a(lib_a-atexit.o)
 .debug_info    0x0000000000003ae3       0xef /usr/lib/gcc/arm-none-eabi/4.9.3/../../../arm-none-eabi/lib/armv7e-m/fpu/libg.a(lib_a-fini.o)
 .debug_info    0x0000000000003bd2      0x894 /usr/lib/gcc/arm-none-eabi/4.9.3/../../../arm-none-eabi/lib/armv7e-m/fpu/libg.a(lib_a-impure.o)
 .debug_info    0x0000000000004466      0x105 /usr/lib/gcc/arm-none-eabi/4.9.3/../../../arm-none-eabi/lib/armv7e-m/fpu/libg.a(lib_a-init.o)
 .debug_info    0x000000000000456b      0x934 /usr/lib/gcc/arm-none-eabi/4.9.3/../../../arm-none-eabi/lib/armv7e-m/fpu/libg.a(lib_a-__atexit.o)
 .debug_info    0x0000000000004e9f      0x9a9 /usr/lib/gcc/arm-none-eabi/4.9.3/../../../arm-none-eabi/lib/armv7e-m/fpu/libg.a(lib_a-__call_atexit.o)

.debug_abbrev   0x0000000000000000     0x14e4
 .debug_abbrev  0x0000000000000000      0x18c CMakeFiles/LedBlink.elf.dir/Src/main.c.obj
 .debug_abbrev  0x000000000000018c       0x7d CMakeFiles/LedBlink.elf.dir/Src/stm32f4xx_hal_msp.c.obj
 .debug_abbrev  0x0000000000000209       0x67 CMakeFiles/LedBlink.elf.dir/Src/stm32f4xx_it.c.obj
 .debug_abbrev  0x0000000000000270      0x101 CMakeFiles/LedBlink.elf.dir/Src/system_stm32f4xx.c.obj
 .debug_abbrev  0x0000000000000371      0x219 CMakeFiles/LedBlink.elf.dir/Drivers/STM32F4xx_HAL_Driver/Src/stm32f4xx_hal.c.obj
 .debug_abbrev  0x000000000000058a      0x2be CMakeFiles/LedBlink.elf.dir/Drivers/STM32F4xx_HAL_Driver/Src/stm32f4xx_hal_cortex.c.obj
 .debug_abbrev  0x0000000000000848      0x1aa CMakeFiles/LedBlink.elf.dir/Drivers/STM32F4xx_HAL_Driver/Src/stm32f4xx_hal_gpio.c.obj
 .debug_abbrev  0x00000000000009f2      0x29d CMakeFiles/LedBlink.elf.dir/Drivers/STM32F4xx_HAL_Driver/Src/stm32f4xx_hal_rcc.c.obj
 .debug_abbrev  0x0000000000000c8f       0x12 libCMSIS.a(startup_stm32f407xx.s.obj)
 .debug_abbrev  0x0000000000000ca1       0xb8 /usr/lib/gcc/arm-none-eabi/4.9.3/../../../arm-none-eabi/lib/armv7e-m/fpu/libg.a(lib_a-atexit.o)
 .debug_abbrev  0x0000000000000d59       0xbd /usr/lib/gcc/arm-none-eabi/4.9.3/../../../arm-none-eabi/lib/armv7e-m/fpu/libg.a(lib_a-fini.o)
 .debug_abbrev  0x0000000000000e16      0x180 /usr/lib/gcc/arm-none-eabi/4.9.3/../../../arm-none-eabi/lib/armv7e-m/fpu/libg.a(lib_a-impure.o)
 .debug_abbrev  0x0000000000000f96       0xba /usr/lib/gcc/arm-none-eabi/4.9.3/../../../arm-none-eabi/lib/armv7e-m/fpu/libg.a(lib_a-init.o)
 .debug_abbrev  0x0000000000001050      0x20f /usr/lib/gcc/arm-none-eabi/4.9.3/../../../arm-none-eabi/lib/armv7e-m/fpu/libg.a(lib_a-__atexit.o)
 .debug_abbrev  0x000000000000125f      0x285 /usr/lib/gcc/arm-none-eabi/4.9.3/../../../arm-none-eabi/lib/armv7e-m/fpu/libg.a(lib_a-__call_atexit.o)

.debug_aranges  0x0000000000000000      0x448
 .debug_aranges
                0x0000000000000000       0x38 CMakeFiles/LedBlink.elf.dir/Src/main.c.obj
 .debug_aranges
                0x0000000000000038       0x20 CMakeFiles/LedBlink.elf.dir/Src/stm32f4xx_hal_msp.c.obj
 .debug_aranges
                0x0000000000000058       0x20 CMakeFiles/LedBlink.elf.dir/Src/stm32f4xx_it.c.obj
 .debug_aranges
                0x0000000000000078       0x28 CMakeFiles/LedBlink.elf.dir/Src/system_stm32f4xx.c.obj
 .debug_aranges
                0x00000000000000a0       0xc8 CMakeFiles/LedBlink.elf.dir/Drivers/STM32F4xx_HAL_Driver/Src/stm32f4xx_hal.c.obj
 .debug_aranges
                0x0000000000000168      0x118 CMakeFiles/LedBlink.elf.dir/Drivers/STM32F4xx_HAL_Driver/Src/stm32f4xx_hal_cortex.c.obj
 .debug_aranges
                0x0000000000000280       0x58 CMakeFiles/LedBlink.elf.dir/Drivers/STM32F4xx_HAL_Driver/Src/stm32f4xx_hal_gpio.c.obj
 .debug_aranges
                0x00000000000002d8       0x88 CMakeFiles/LedBlink.elf.dir/Drivers/STM32F4xx_HAL_Driver/Src/stm32f4xx_hal_rcc.c.obj
 .debug_aranges
                0x0000000000000360       0x28 libCMSIS.a(startup_stm32f407xx.s.obj)
 .debug_aranges
                0x0000000000000388       0x20 /usr/lib/gcc/arm-none-eabi/4.9.3/../../../arm-none-eabi/lib/armv7e-m/fpu/libg.a(lib_a-atexit.o)
 .debug_aranges
                0x00000000000003a8       0x20 /usr/lib/gcc/arm-none-eabi/4.9.3/../../../arm-none-eabi/lib/armv7e-m/fpu/libg.a(lib_a-fini.o)
 .debug_aranges
                0x00000000000003c8       0x18 /usr/lib/gcc/arm-none-eabi/4.9.3/../../../arm-none-eabi/lib/armv7e-m/fpu/libg.a(lib_a-impure.o)
 .debug_aranges
                0x00000000000003e0       0x20 /usr/lib/gcc/arm-none-eabi/4.9.3/../../../arm-none-eabi/lib/armv7e-m/fpu/libg.a(lib_a-init.o)
 .debug_aranges
                0x0000000000000400       0x20 /usr/lib/gcc/arm-none-eabi/4.9.3/../../../arm-none-eabi/lib/armv7e-m/fpu/libg.a(lib_a-__atexit.o)
 .debug_aranges
                0x0000000000000420       0x28 /usr/lib/gcc/arm-none-eabi/4.9.3/../../../arm-none-eabi/lib/armv7e-m/fpu/libg.a(lib_a-__call_atexit.o)

.debug_ranges   0x0000000000000000      0x370
 .debug_ranges  0x0000000000000000       0x28 CMakeFiles/LedBlink.elf.dir/Src/main.c.obj
 .debug_ranges  0x0000000000000028       0x10 CMakeFiles/LedBlink.elf.dir/Src/stm32f4xx_hal_msp.c.obj
 .debug_ranges  0x0000000000000038       0x10 CMakeFiles/LedBlink.elf.dir/Src/stm32f4xx_it.c.obj
 .debug_ranges  0x0000000000000048       0x18 CMakeFiles/LedBlink.elf.dir/Src/system_stm32f4xx.c.obj
 .debug_ranges  0x0000000000000060       0xb8 CMakeFiles/LedBlink.elf.dir/Drivers/STM32F4xx_HAL_Driver/Src/stm32f4xx_hal.c.obj
 .debug_ranges  0x0000000000000118      0x108 CMakeFiles/LedBlink.elf.dir/Drivers/STM32F4xx_HAL_Driver/Src/stm32f4xx_hal_cortex.c.obj
 .debug_ranges  0x0000000000000220       0x48 CMakeFiles/LedBlink.elf.dir/Drivers/STM32F4xx_HAL_Driver/Src/stm32f4xx_hal_gpio.c.obj
 .debug_ranges  0x0000000000000268       0x78 CMakeFiles/LedBlink.elf.dir/Drivers/STM32F4xx_HAL_Driver/Src/stm32f4xx_hal_rcc.c.obj
 .debug_ranges  0x00000000000002e0       0x20 libCMSIS.a(startup_stm32f407xx.s.obj)
 .debug_ranges  0x0000000000000300       0x10 /usr/lib/gcc/arm-none-eabi/4.9.3/../../../arm-none-eabi/lib/armv7e-m/fpu/libg.a(lib_a-atexit.o)
 .debug_ranges  0x0000000000000310       0x10 /usr/lib/gcc/arm-none-eabi/4.9.3/../../../arm-none-eabi/lib/armv7e-m/fpu/libg.a(lib_a-fini.o)
 .debug_ranges  0x0000000000000320       0x10 /usr/lib/gcc/arm-none-eabi/4.9.3/../../../arm-none-eabi/lib/armv7e-m/fpu/libg.a(lib_a-init.o)
 .debug_ranges  0x0000000000000330       0x10 /usr/lib/gcc/arm-none-eabi/4.9.3/../../../arm-none-eabi/lib/armv7e-m/fpu/libg.a(lib_a-__atexit.o)
 .debug_ranges  0x0000000000000340       0x30 /usr/lib/gcc/arm-none-eabi/4.9.3/../../../arm-none-eabi/lib/armv7e-m/fpu/libg.a(lib_a-__call_atexit.o)

.debug_line     0x0000000000000000     0x2083
 .debug_line    0x0000000000000000      0x2cc CMakeFiles/LedBlink.elf.dir/Src/main.c.obj
 .debug_line    0x00000000000002cc      0x17f CMakeFiles/LedBlink.elf.dir/Src/stm32f4xx_hal_msp.c.obj
 .debug_line    0x000000000000044b      0x110 CMakeFiles/LedBlink.elf.dir/Src/stm32f4xx_it.c.obj
 .debug_line    0x000000000000055b      0x1a5 CMakeFiles/LedBlink.elf.dir/Src/system_stm32f4xx.c.obj
 .debug_line    0x0000000000000700      0x3d7 CMakeFiles/LedBlink.elf.dir/Drivers/STM32F4xx_HAL_Driver/Src/stm32f4xx_hal.c.obj
 .debug_line    0x0000000000000ad7      0x521 CMakeFiles/LedBlink.elf.dir/Drivers/STM32F4xx_HAL_Driver/Src/stm32f4xx_hal_cortex.c.obj
 .debug_line    0x0000000000000ff8      0x3f1 CMakeFiles/LedBlink.elf.dir/Drivers/STM32F4xx_HAL_Driver/Src/stm32f4xx_hal_gpio.c.obj
 .debug_line    0x00000000000013e9      0x588 CMakeFiles/LedBlink.elf.dir/Drivers/STM32F4xx_HAL_Driver/Src/stm32f4xx_hal_rcc.c.obj
 .debug_line    0x0000000000001971       0xa5 libCMSIS.a(startup_stm32f407xx.s.obj)
 .debug_line    0x0000000000001a16       0xc4 /usr/lib/gcc/arm-none-eabi/4.9.3/../../../arm-none-eabi/lib/armv7e-m/fpu/libg.a(lib_a-atexit.o)
 .debug_line    0x0000000000001ada       0x9f /usr/lib/gcc/arm-none-eabi/4.9.3/../../../arm-none-eabi/lib/armv7e-m/fpu/libg.a(lib_a-fini.o)
 .debug_line    0x0000000000001b79       0xf4 /usr/lib/gcc/arm-none-eabi/4.9.3/../../../arm-none-eabi/lib/armv7e-m/fpu/libg.a(lib_a-impure.o)
 .debug_line    0x0000000000001c6d       0xb8 /usr/lib/gcc/arm-none-eabi/4.9.3/../../../arm-none-eabi/lib/armv7e-m/fpu/libg.a(lib_a-init.o)
 .debug_line    0x0000000000001d25      0x196 /usr/lib/gcc/arm-none-eabi/4.9.3/../../../arm-none-eabi/lib/armv7e-m/fpu/libg.a(lib_a-__atexit.o)
 .debug_line    0x0000000000001ebb      0x1c8 /usr/lib/gcc/arm-none-eabi/4.9.3/../../../arm-none-eabi/lib/armv7e-m/fpu/libg.a(lib_a-__call_atexit.o)

.debug_str      0x0000000000000000     0x1d16
 .debug_str     0x0000000000000000      0x9a4 CMakeFiles/LedBlink.elf.dir/Src/main.c.obj
                                        0xa0e (size before relaxing)
 .debug_str     0x00000000000009a4       0x4d CMakeFiles/LedBlink.elf.dir/Src/stm32f4xx_hal_msp.c.obj
                                        0x6e3 (size before relaxing)
 .debug_str     0x00000000000009f1       0x4c CMakeFiles/LedBlink.elf.dir/Src/stm32f4xx_it.c.obj
                                        0x1ef (size before relaxing)
 .debug_str     0x0000000000000a3d       0xfc CMakeFiles/LedBlink.elf.dir/Src/system_stm32f4xx.c.obj
                                        0x3c1 (size before relaxing)
 .debug_str     0x0000000000000b39      0x2a0 CMakeFiles/LedBlink.elf.dir/Drivers/STM32F4xx_HAL_Driver/Src/stm32f4xx_hal.c.obj
                                        0xaa0 (size before relaxing)
 .debug_str     0x0000000000000dd9      0x3f2 CMakeFiles/LedBlink.elf.dir/Drivers/STM32F4xx_HAL_Driver/Src/stm32f4xx_hal_cortex.c.obj
                                        0xc60 (size before relaxing)
 .debug_str     0x00000000000011cb      0x17e CMakeFiles/LedBlink.elf.dir/Drivers/STM32F4xx_HAL_Driver/Src/stm32f4xx_hal_gpio.c.obj
                                        0x531 (size before relaxing)
 .debug_str     0x0000000000001349      0x1b0 CMakeFiles/LedBlink.elf.dir/Drivers/STM32F4xx_HAL_Driver/Src/stm32f4xx_hal_rcc.c.obj
                                        0x6f0 (size before relaxing)
 .debug_str     0x00000000000014f9      0x1af /usr/lib/gcc/arm-none-eabi/4.9.3/../../../arm-none-eabi/lib/armv7e-m/fpu/libg.a(lib_a-atexit.o)
                                        0x248 (size before relaxing)
 .debug_str     0x00000000000016a8       0xd2 /usr/lib/gcc/arm-none-eabi/4.9.3/../../../arm-none-eabi/lib/armv7e-m/fpu/libg.a(lib_a-fini.o)
                                        0x240 (size before relaxing)
 .debug_str     0x000000000000177a      0x44d /usr/lib/gcc/arm-none-eabi/4.9.3/../../../arm-none-eabi/lib/armv7e-m/fpu/libg.a(lib_a-impure.o)
                                        0x5dc (size before relaxing)
 .debug_str     0x0000000000001bc7       0x93 /usr/lib/gcc/arm-none-eabi/4.9.3/../../../arm-none-eabi/lib/armv7e-m/fpu/libg.a(lib_a-init.o)
                                        0x26a (size before relaxing)
 .debug_str     0x0000000000001c5a       0x33 /usr/lib/gcc/arm-none-eabi/4.9.3/../../../arm-none-eabi/lib/armv7e-m/fpu/libg.a(lib_a-__atexit.o)
                                        0x624 (size before relaxing)
 .debug_str     0x0000000000001c8d       0x89 /usr/lib/gcc/arm-none-eabi/4.9.3/../../../arm-none-eabi/lib/armv7e-m/fpu/libg.a(lib_a-__call_atexit.o)
                                        0x63c (size before relaxing)

.debug_frame    0x0000000000000000      0xd18
 .debug_frame   0x0000000000000000       0x98 CMakeFiles/LedBlink.elf.dir/Src/main.c.obj
 .debug_frame   0x0000000000000098       0x2c CMakeFiles/LedBlink.elf.dir/Src/stm32f4xx_hal_msp.c.obj
 .debug_frame   0x00000000000000c4       0x2c CMakeFiles/LedBlink.elf.dir/Src/stm32f4xx_it.c.obj
 .debug_frame   0x00000000000000f0       0x58 CMakeFiles/LedBlink.elf.dir/Src/system_stm32f4xx.c.obj
 .debug_frame   0x0000000000000148      0x2e8 CMakeFiles/LedBlink.elf.dir/Drivers/STM32F4xx_HAL_Driver/Src/stm32f4xx_hal.c.obj
 .debug_frame   0x0000000000000430      0x498 CMakeFiles/LedBlink.elf.dir/Drivers/STM32F4xx_HAL_Driver/Src/stm32f4xx_hal_cortex.c.obj
 .debug_frame   0x00000000000008c8      0x14c CMakeFiles/LedBlink.elf.dir/Drivers/STM32F4xx_HAL_Driver/Src/stm32f4xx_hal_gpio.c.obj
 .debug_frame   0x0000000000000a14      0x200 CMakeFiles/LedBlink.elf.dir/Drivers/STM32F4xx_HAL_Driver/Src/stm32f4xx_hal_rcc.c.obj
 .debug_frame   0x0000000000000c14       0x20 /usr/lib/gcc/arm-none-eabi/4.9.3/../../../arm-none-eabi/lib/armv7e-m/fpu/libg.a(lib_a-atexit.o)
 .debug_frame   0x0000000000000c34       0x34 /usr/lib/gcc/arm-none-eabi/4.9.3/../../../arm-none-eabi/lib/armv7e-m/fpu/libg.a(lib_a-fini.o)
 .debug_frame   0x0000000000000c68       0x2c /usr/lib/gcc/arm-none-eabi/4.9.3/../../../arm-none-eabi/lib/armv7e-m/fpu/libg.a(lib_a-init.o)
 .debug_frame   0x0000000000000c94       0x34 /usr/lib/gcc/arm-none-eabi/4.9.3/../../../arm-none-eabi/lib/armv7e-m/fpu/libg.a(lib_a-__atexit.o)
 .debug_frame   0x0000000000000cc8       0x50 /usr/lib/gcc/arm-none-eabi/4.9.3/../../../arm-none-eabi/lib/armv7e-m/fpu/libg.a(lib_a-__call_atexit.o)

.debug_loc      0x0000000000000000      0x413
 .debug_loc     0x0000000000000000       0x2c /usr/lib/gcc/arm-none-eabi/4.9.3/../../../arm-none-eabi/lib/armv7e-m/fpu/libg.a(lib_a-atexit.o)
 .debug_loc     0x000000000000002c       0x5c /usr/lib/gcc/arm-none-eabi/4.9.3/../../../arm-none-eabi/lib/armv7e-m/fpu/libg.a(lib_a-fini.o)
 .debug_loc     0x0000000000000088       0xae /usr/lib/gcc/arm-none-eabi/4.9.3/../../../arm-none-eabi/lib/armv7e-m/fpu/libg.a(lib_a-init.o)
 .debug_loc     0x0000000000000136      0x197 /usr/lib/gcc/arm-none-eabi/4.9.3/../../../arm-none-eabi/lib/armv7e-m/fpu/libg.a(lib_a-__atexit.o)
 .debug_loc     0x00000000000002cd      0x146 /usr/lib/gcc/arm-none-eabi/4.9.3/../../../arm-none-eabi/lib/armv7e-m/fpu/libg.a(lib_a-__call_atexit.o)
