Archive member included because of file (symbol)

C:/Freescale/S32_ARM_v1.1/S32DS/arm_ewl2/lib/armv6-m\libc.a(exit.o)
                              C:/Freescale/S32_ARM_v1.1/S32DS/arm_ewl2/lib/armv6-m/__arm_start.o (exit)
C:/Freescale/S32_ARM_v1.1/S32DS/arm_ewl2/lib/armv6-m\libc.a(memset.o)
                              C:/Freescale/S32_ARM_v1.1/S32DS/arm_ewl2/lib/armv6-m/__arm_start.o (memset)
C:/Freescale/S32_ARM_v1.1/S32DS/arm_ewl2/lib/armv6-m\libc.a(__filll_mem.o)
                              C:/Freescale/S32_ARM_v1.1/S32DS/arm_ewl2/lib/armv6-m\libc.a(memset.o) (__fill_mem)
c:/freescale/s32_arm_v1.1/cross_tools/gcc-arm-none-eabi-4_9/bin/../lib/gcc/arm-none-eabi/4.9.3/armv6-m\libgcc.a(_udivsi3.o)
                              ./Project_Settings/Startup_Code/system_SKEAZ1284.o (__aeabi_uidiv)
c:/freescale/s32_arm_v1.1/cross_tools/gcc-arm-none-eabi-4_9/bin/../lib/gcc/arm-none-eabi/4.9.3/armv6-m\libgcc.a(_dvmd_tls.o)
                              c:/freescale/s32_arm_v1.1/cross_tools/gcc-arm-none-eabi-4_9/bin/../lib/gcc/arm-none-eabi/4.9.3/armv6-m\libgcc.a(_udivsi3.o) (__aeabi_idiv0)
C:/Freescale/S32_ARM_v1.1/S32DS/arm_ewl2/lib/armv6-m\librt.a(gcc_ctor_dtor.o)
                              C:/Freescale/S32_ARM_v1.1/S32DS/arm_ewl2/lib/armv6-m/__arm_start.o (__init_cpp)
C:/Freescale/S32_ARM_v1.1/S32DS/arm_ewl2/lib/armv6-m\librt.a(__arm_eabi_init.o)
                              C:/Freescale/S32_ARM_v1.1/S32DS/arm_ewl2/lib/armv6-m\libc.a(exit.o) (__destroy_global_chain)
C:/Freescale/S32_ARM_v1.1/S32DS/arm_ewl2/lib/armv6-m\librt.a(ROMCopy.o)
                              C:/Freescale/S32_ARM_v1.1/S32DS/arm_ewl2/lib/armv6-m/__arm_start.o (__copy_rom_sections_to_ram)

Allocating common symbols
Common symbol       size              file

ChV_new             0x2               ./src/Lab4_Dimmer_PWM_KEA64.o
ChV_old             0x2               ./src/Lab4_Dimmer_PWM_KEA64.o

Discarded input sections

 .text          0x00000000        0x0 C:/Freescale/S32_ARM_v1.1/S32DS/arm_ewl2/lib/armv6-m/__arm_start.o
 .data          0x00000000        0x0 C:/Freescale/S32_ARM_v1.1/S32DS/arm_ewl2/lib/armv6-m/__arm_start.o
 .bss           0x00000000        0x0 C:/Freescale/S32_ARM_v1.1/S32DS/arm_ewl2/lib/armv6-m/__arm_start.o
 .text.__iar_program_start
                0x00000000        0x4 C:/Freescale/S32_ARM_v1.1/S32DS/arm_ewl2/lib/armv6-m/__arm_start.o
 .group         0x00000000        0x8 ./Project_Settings/Startup_Code/system_SKEAZ1284.o
 .group         0x00000000        0x8 ./Project_Settings/Startup_Code/system_SKEAZ1284.o
 .group         0x00000000        0x8 ./Project_Settings/Startup_Code/system_SKEAZ1284.o
 .group         0x00000000        0x8 ./Project_Settings/Startup_Code/system_SKEAZ1284.o
 .group         0x00000000        0x8 ./Project_Settings/Startup_Code/system_SKEAZ1284.o
 .group         0x00000000        0x8 ./Project_Settings/Startup_Code/system_SKEAZ1284.o
 .group         0x00000000        0x8 ./Project_Settings/Startup_Code/system_SKEAZ1284.o
 .group         0x00000000        0x8 ./Project_Settings/Startup_Code/system_SKEAZ1284.o
 .group         0x00000000        0x8 ./Project_Settings/Startup_Code/system_SKEAZ1284.o
 .group         0x00000000        0x8 ./Project_Settings/Startup_Code/system_SKEAZ1284.o
 .group         0x00000000        0x8 ./Project_Settings/Startup_Code/system_SKEAZ1284.o
 .group         0x00000000        0x8 ./Project_Settings/Startup_Code/system_SKEAZ1284.o
 .group         0x00000000        0x8 ./Project_Settings/Startup_Code/system_SKEAZ1284.o
 .group         0x00000000        0x8 ./Project_Settings/Startup_Code/system_SKEAZ1284.o
 .group         0x00000000        0x8 ./Project_Settings/Startup_Code/system_SKEAZ1284.o
 .text          0x00000000        0x0 ./Project_Settings/Startup_Code/system_SKEAZ1284.o
 .data          0x00000000        0x0 ./Project_Settings/Startup_Code/system_SKEAZ1284.o
 .bss           0x00000000        0x0 ./Project_Settings/Startup_Code/system_SKEAZ1284.o
 .data.SystemCoreClock
                0x00000000        0x4 ./Project_Settings/Startup_Code/system_SKEAZ1284.o
 .text.SystemCoreClockUpdate
                0x00000000       0xf4 ./Project_Settings/Startup_Code/system_SKEAZ1284.o
 .data          0x00000000        0x0 ./Project_Settings/Startup_Code/startup_SKEAZ1284.o
 .bss           0x00000000        0x0 ./Project_Settings/Startup_Code/startup_SKEAZ1284.o
 .group         0x00000000        0x8 ./src/Lab4_Dimmer_PWM_KEA64.o
 .group         0x00000000        0x8 ./src/Lab4_Dimmer_PWM_KEA64.o
 .group         0x00000000        0x8 ./src/Lab4_Dimmer_PWM_KEA64.o
 .group         0x00000000        0x8 ./src/Lab4_Dimmer_PWM_KEA64.o
 .group         0x00000000        0x8 ./src/Lab4_Dimmer_PWM_KEA64.o
 .group         0x00000000        0x8 ./src/Lab4_Dimmer_PWM_KEA64.o
 .group         0x00000000        0x8 ./src/Lab4_Dimmer_PWM_KEA64.o
 .group         0x00000000        0x8 ./src/Lab4_Dimmer_PWM_KEA64.o
 .group         0x00000000        0x8 ./src/Lab4_Dimmer_PWM_KEA64.o
 .group         0x00000000        0x8 ./src/Lab4_Dimmer_PWM_KEA64.o
 .group         0x00000000        0x8 ./src/Lab4_Dimmer_PWM_KEA64.o
 .group         0x00000000        0x8 ./src/Lab4_Dimmer_PWM_KEA64.o
 .group         0x00000000        0x8 ./src/Lab4_Dimmer_PWM_KEA64.o
 .group         0x00000000        0x8 ./src/Lab4_Dimmer_PWM_KEA64.o
 .group         0x00000000        0x8 ./src/Lab4_Dimmer_PWM_KEA64.o
 .group         0x00000000        0x8 ./src/Lab4_Dimmer_PWM_KEA64.o
 .group         0x00000000        0x8 ./src/Lab4_Dimmer_PWM_KEA64.o
 .text          0x00000000        0x0 ./src/Lab4_Dimmer_PWM_KEA64.o
 .data          0x00000000        0x0 ./src/Lab4_Dimmer_PWM_KEA64.o
 .bss           0x00000000        0x0 ./src/Lab4_Dimmer_PWM_KEA64.o
 .debug_macro   0x00000000      0x80e ./src/Lab4_Dimmer_PWM_KEA64.o
 .debug_macro   0x00000000       0x3a ./src/Lab4_Dimmer_PWM_KEA64.o
 .debug_macro   0x00000000       0x16 ./src/Lab4_Dimmer_PWM_KEA64.o
 .debug_macro   0x00000000       0x64 ./src/Lab4_Dimmer_PWM_KEA64.o
 .debug_macro   0x00000000      0x17e ./src/Lab4_Dimmer_PWM_KEA64.o
 .debug_macro   0x00000000      0x147 ./src/Lab4_Dimmer_PWM_KEA64.o
 .debug_macro   0x00000000       0x9d ./src/Lab4_Dimmer_PWM_KEA64.o
 .debug_macro   0x00000000       0x10 ./src/Lab4_Dimmer_PWM_KEA64.o
 .debug_macro   0x00000000      0x1a1 ./src/Lab4_Dimmer_PWM_KEA64.o
 .debug_macro   0x00000000       0x3a ./src/Lab4_Dimmer_PWM_KEA64.o
 .debug_macro   0x00000000       0x1f ./src/Lab4_Dimmer_PWM_KEA64.o
 .debug_macro   0x00000000      0x250 ./src/Lab4_Dimmer_PWM_KEA64.o
 .debug_macro   0x00000000       0x28 ./src/Lab4_Dimmer_PWM_KEA64.o
 .debug_macro   0x00000000     0x479a ./src/Lab4_Dimmer_PWM_KEA64.o
 .group         0x00000000        0x8 ./src/FTM.o
 .group         0x00000000        0x8 ./src/FTM.o
 .group         0x00000000        0x8 ./src/FTM.o
 .group         0x00000000        0x8 ./src/FTM.o
 .group         0x00000000        0x8 ./src/FTM.o
 .group         0x00000000        0x8 ./src/FTM.o
 .group         0x00000000        0x8 ./src/FTM.o
 .group         0x00000000        0x8 ./src/FTM.o
 .group         0x00000000        0x8 ./src/FTM.o
 .group         0x00000000        0x8 ./src/FTM.o
 .group         0x00000000        0x8 ./src/FTM.o
 .group         0x00000000        0x8 ./src/FTM.o
 .group         0x00000000        0x8 ./src/FTM.o
 .group         0x00000000        0x8 ./src/FTM.o
 .group         0x00000000        0x8 ./src/FTM.o
 .group         0x00000000        0x8 ./src/FTM.o
 .text          0x00000000        0x0 ./src/FTM.o
 .data          0x00000000        0x0 ./src/FTM.o
 .bss           0x00000000        0x0 ./src/FTM.o
 .text.FTM2_Init_Output_Cmp
                0x00000000       0x58 ./src/FTM.o
 .text.FTM2_SetPeriod
                0x00000000       0x24 ./src/FTM.o
 .debug_macro   0x00000000      0x80e ./src/FTM.o
 .debug_macro   0x00000000       0x3a ./src/FTM.o
 .debug_macro   0x00000000       0x16 ./src/FTM.o
 .debug_macro   0x00000000       0x16 ./src/FTM.o
 .debug_macro   0x00000000       0x64 ./src/FTM.o
 .debug_macro   0x00000000      0x17e ./src/FTM.o
 .debug_macro   0x00000000      0x147 ./src/FTM.o
 .debug_macro   0x00000000       0x9d ./src/FTM.o
 .debug_macro   0x00000000       0x10 ./src/FTM.o
 .debug_macro   0x00000000      0x1a1 ./src/FTM.o
 .debug_macro   0x00000000       0x39 ./src/FTM.o
 .debug_macro   0x00000000       0x3a ./src/FTM.o
 .debug_macro   0x00000000       0x1f ./src/FTM.o
 .debug_macro   0x00000000      0x250 ./src/FTM.o
 .debug_macro   0x00000000       0x28 ./src/FTM.o
 .debug_macro   0x00000000     0x479a ./src/FTM.o
 .group         0x00000000        0x8 ./src/CLK.o
 .group         0x00000000        0x8 ./src/CLK.o
 .group         0x00000000        0x8 ./src/CLK.o
 .group         0x00000000        0x8 ./src/CLK.o
 .group         0x00000000        0x8 ./src/CLK.o
 .group         0x00000000        0x8 ./src/CLK.o
 .group         0x00000000        0x8 ./src/CLK.o
 .group         0x00000000        0x8 ./src/CLK.o
 .group         0x00000000        0x8 ./src/CLK.o
 .group         0x00000000        0x8 ./src/CLK.o
 .group         0x00000000        0x8 ./src/CLK.o
 .group         0x00000000        0x8 ./src/CLK.o
 .group         0x00000000        0x8 ./src/CLK.o
 .group         0x00000000        0x8 ./src/CLK.o
 .group         0x00000000        0x8 ./src/CLK.o
 .group         0x00000000        0x8 ./src/CLK.o
 .text          0x00000000        0x0 ./src/CLK.o
 .data          0x00000000        0x0 ./src/CLK.o
 .bss           0x00000000        0x0 ./src/CLK.o
 .debug_macro   0x00000000      0x80e ./src/CLK.o
 .debug_macro   0x00000000       0x3a ./src/CLK.o
 .debug_macro   0x00000000       0x16 ./src/CLK.o
 .debug_macro   0x00000000       0x16 ./src/CLK.o
 .debug_macro   0x00000000       0x64 ./src/CLK.o
 .debug_macro   0x00000000      0x17e ./src/CLK.o
 .debug_macro   0x00000000      0x147 ./src/CLK.o
 .debug_macro   0x00000000       0x9d ./src/CLK.o
 .debug_macro   0x00000000       0x10 ./src/CLK.o
 .debug_macro   0x00000000      0x1a1 ./src/CLK.o
 .debug_macro   0x00000000       0x39 ./src/CLK.o
 .debug_macro   0x00000000       0x3a ./src/CLK.o
 .debug_macro   0x00000000       0x1f ./src/CLK.o
 .debug_macro   0x00000000      0x250 ./src/CLK.o
 .debug_macro   0x00000000       0x28 ./src/CLK.o
 .debug_macro   0x00000000     0x479a ./src/CLK.o
 .text          0x00000000        0x0 C:/Freescale/S32_ARM_v1.1/S32DS/arm_ewl2/lib/armv6-m\libc.a(exit.o)
 .data          0x00000000        0x0 C:/Freescale/S32_ARM_v1.1/S32DS/arm_ewl2/lib/armv6-m\libc.a(exit.o)
 .bss           0x00000000        0x0 C:/Freescale/S32_ARM_v1.1/S32DS/arm_ewl2/lib/armv6-m\libc.a(exit.o)
 .text          0x00000000        0x0 C:/Freescale/S32_ARM_v1.1/S32DS/arm_ewl2/lib/armv6-m\libc.a(memset.o)
 .data          0x00000000        0x0 C:/Freescale/S32_ARM_v1.1/S32DS/arm_ewl2/lib/armv6-m\libc.a(memset.o)
 .bss           0x00000000        0x0 C:/Freescale/S32_ARM_v1.1/S32DS/arm_ewl2/lib/armv6-m\libc.a(memset.o)
 .text          0x00000000        0x0 C:/Freescale/S32_ARM_v1.1/S32DS/arm_ewl2/lib/armv6-m\libc.a(__filll_mem.o)
 .data          0x00000000        0x0 C:/Freescale/S32_ARM_v1.1/S32DS/arm_ewl2/lib/armv6-m\libc.a(__filll_mem.o)
 .bss           0x00000000        0x0 C:/Freescale/S32_ARM_v1.1/S32DS/arm_ewl2/lib/armv6-m\libc.a(__filll_mem.o)
 .text          0x00000000      0x120 c:/freescale/s32_arm_v1.1/cross_tools/gcc-arm-none-eabi-4_9/bin/../lib/gcc/arm-none-eabi/4.9.3/armv6-m\libgcc.a(_udivsi3.o)
 .data          0x00000000        0x0 c:/freescale/s32_arm_v1.1/cross_tools/gcc-arm-none-eabi-4_9/bin/../lib/gcc/arm-none-eabi/4.9.3/armv6-m\libgcc.a(_udivsi3.o)
 .bss           0x00000000        0x0 c:/freescale/s32_arm_v1.1/cross_tools/gcc-arm-none-eabi-4_9/bin/../lib/gcc/arm-none-eabi/4.9.3/armv6-m\libgcc.a(_udivsi3.o)
 .debug_frame   0x00000000       0x20 c:/freescale/s32_arm_v1.1/cross_tools/gcc-arm-none-eabi-4_9/bin/../lib/gcc/arm-none-eabi/4.9.3/armv6-m\libgcc.a(_udivsi3.o)
 .ARM.attributes
                0x00000000       0x1e c:/freescale/s32_arm_v1.1/cross_tools/gcc-arm-none-eabi-4_9/bin/../lib/gcc/arm-none-eabi/4.9.3/armv6-m\libgcc.a(_udivsi3.o)
 .text          0x00000000        0x4 c:/freescale/s32_arm_v1.1/cross_tools/gcc-arm-none-eabi-4_9/bin/../lib/gcc/arm-none-eabi/4.9.3/armv6-m\libgcc.a(_dvmd_tls.o)
 .data          0x00000000        0x0 c:/freescale/s32_arm_v1.1/cross_tools/gcc-arm-none-eabi-4_9/bin/../lib/gcc/arm-none-eabi/4.9.3/armv6-m\libgcc.a(_dvmd_tls.o)
 .bss           0x00000000        0x0 c:/freescale/s32_arm_v1.1/cross_tools/gcc-arm-none-eabi-4_9/bin/../lib/gcc/arm-none-eabi/4.9.3/armv6-m\libgcc.a(_dvmd_tls.o)
 .ARM.attributes
                0x00000000       0x1e c:/freescale/s32_arm_v1.1/cross_tools/gcc-arm-none-eabi-4_9/bin/../lib/gcc/arm-none-eabi/4.9.3/armv6-m\libgcc.a(_dvmd_tls.o)
 .text          0x00000000        0x0 C:/Freescale/S32_ARM_v1.1/S32DS/arm_ewl2/lib/armv6-m\librt.a(gcc_ctor_dtor.o)
 .data          0x00000000        0x0 C:/Freescale/S32_ARM_v1.1/S32DS/arm_ewl2/lib/armv6-m\librt.a(gcc_ctor_dtor.o)
 .bss           0x00000000        0x0 C:/Freescale/S32_ARM_v1.1/S32DS/arm_ewl2/lib/armv6-m\librt.a(gcc_ctor_dtor.o)
 .bss.__dso_handle
                0x00000000        0x4 C:/Freescale/S32_ARM_v1.1/S32DS/arm_ewl2/lib/armv6-m\librt.a(gcc_ctor_dtor.o)
 .text          0x00000000        0x0 C:/Freescale/S32_ARM_v1.1/S32DS/arm_ewl2/lib/armv6-m\librt.a(__arm_eabi_init.o)
 .data          0x00000000        0x0 C:/Freescale/S32_ARM_v1.1/S32DS/arm_ewl2/lib/armv6-m\librt.a(__arm_eabi_init.o)
 .bss           0x00000000        0x0 C:/Freescale/S32_ARM_v1.1/S32DS/arm_ewl2/lib/armv6-m\librt.a(__arm_eabi_init.o)
 .text.__register_global_object
                0x00000000       0x14 C:/Freescale/S32_ARM_v1.1/S32DS/arm_ewl2/lib/armv6-m\librt.a(__arm_eabi_init.o)
 .text.__cxa_atexit
                0x00000000       0x38 C:/Freescale/S32_ARM_v1.1/S32DS/arm_ewl2/lib/armv6-m\librt.a(__arm_eabi_init.o)
 .text.__aeabi_atexit
                0x00000000        0xe C:/Freescale/S32_ARM_v1.1/S32DS/arm_ewl2/lib/armv6-m\librt.a(__arm_eabi_init.o)
 .text.__register_atexit
                0x00000000        0xc C:/Freescale/S32_ARM_v1.1/S32DS/arm_ewl2/lib/armv6-m\librt.a(__arm_eabi_init.o)
 .bss.atexit_curr_func
                0x00000000        0x4 C:/Freescale/S32_ARM_v1.1/S32DS/arm_ewl2/lib/armv6-m\librt.a(__arm_eabi_init.o)
 .bss.atexit_funcs
                0x00000000      0x300 C:/Freescale/S32_ARM_v1.1/S32DS/arm_ewl2/lib/armv6-m\librt.a(__arm_eabi_init.o)
 .text          0x00000000        0x0 C:/Freescale/S32_ARM_v1.1/S32DS/arm_ewl2/lib/armv6-m\librt.a(ROMCopy.o)
 .data          0x00000000        0x0 C:/Freescale/S32_ARM_v1.1/S32DS/arm_ewl2/lib/armv6-m\librt.a(ROMCopy.o)
 .bss           0x00000000        0x0 C:/Freescale/S32_ARM_v1.1/S32DS/arm_ewl2/lib/armv6-m\librt.a(ROMCopy.o)
 .text.__flush_cache
                0x00000000        0x2 C:/Freescale/S32_ARM_v1.1/S32DS/arm_ewl2/lib/armv6-m\librt.a(ROMCopy.o)
 .text          0x00000000        0x0 C:/Freescale/S32_ARM_v1.1/S32DS/arm_ewl2/lib/armv6-m/__arm_end.o
 .data          0x00000000        0x0 C:/Freescale/S32_ARM_v1.1/S32DS/arm_ewl2/lib/armv6-m/__arm_end.o
 .bss           0x00000000        0x0 C:/Freescale/S32_ARM_v1.1/S32DS/arm_ewl2/lib/armv6-m/__arm_end.o
 .text._ExitProcess
                0x00000000        0x2 C:/Freescale/S32_ARM_v1.1/S32DS/arm_ewl2/lib/armv6-m/__arm_end.o
 .debug_info    0x00000000       0x4e C:/Freescale/S32_ARM_v1.1/S32DS/arm_ewl2/lib/armv6-m/__arm_end.o
 .debug_abbrev  0x00000000       0x4a C:/Freescale/S32_ARM_v1.1/S32DS/arm_ewl2/lib/armv6-m/__arm_end.o
 .debug_aranges
                0x00000000       0x20 C:/Freescale/S32_ARM_v1.1/S32DS/arm_ewl2/lib/armv6-m/__arm_end.o
 .debug_line    0x00000000       0x45 C:/Freescale/S32_ARM_v1.1/S32DS/arm_ewl2/lib/armv6-m/__arm_end.o
 .debug_str     0x00000000      0x1bd C:/Freescale/S32_ARM_v1.1/S32DS/arm_ewl2/lib/armv6-m/__arm_end.o
 .comment       0x00000000       0x71 C:/Freescale/S32_ARM_v1.1/S32DS/arm_ewl2/lib/armv6-m/__arm_end.o
 .debug_frame   0x00000000       0x20 C:/Freescale/S32_ARM_v1.1/S32DS/arm_ewl2/lib/armv6-m/__arm_end.o
 .ARM.attributes
                0x00000000       0x31 C:/Freescale/S32_ARM_v1.1/S32DS/arm_ewl2/lib/armv6-m/__arm_end.o

Memory Configuration

Name             Origin             Length             Attributes
m_interrupts     0x00000000         0x00000100         xr
m_flash_config   0x00000400         0x00000010         xr
m_text           0x00000410         0x0001fbf0         xr
m_data           0x1ffff000         0x00004000         rw
*default*        0x00000000         0xffffffff

Linker script and memory map

LOAD C:/Freescale/S32_ARM_v1.1/S32DS/arm_ewl2/lib/armv6-m/__arm_start.o
LOAD ./Project_Settings/Startup_Code/system_SKEAZ1284.o
LOAD ./Project_Settings/Startup_Code/startup_SKEAZ1284.o
LOAD ./src/Lab4_Dimmer_PWM_KEA64.o
LOAD ./src/FTM.o
LOAD ./src/CLK.o
START GROUP
LOAD C:/Freescale/S32_ARM_v1.1/S32DS/arm_ewl2/lib/armv6-m\libc.a
LOAD C:/Freescale/S32_ARM_v1.1/S32DS/arm_ewl2/lib/armv6-m\libm.a
LOAD c:/freescale/s32_arm_v1.1/cross_tools/gcc-arm-none-eabi-4_9/bin/../lib/gcc/arm-none-eabi/4.9.3/armv6-m\libgcc.a
LOAD C:/Freescale/S32_ARM_v1.1/S32DS/arm_ewl2/lib/armv6-m\librt.a
END GROUP
LOAD C:/Freescale/S32_ARM_v1.1/S32DS/arm_ewl2/lib/armv6-m/__arm_end.o
                0x20003000                _estack = 0x20003000
                0x20003000                __SP_INIT = _estack
                0x00000400                HEAP_SIZE = DEFINED (__heap_size__)?__heap_size__:0x400
                0x00000400                STACK_SIZE = DEFINED (__stack_size__)?__stack_size__:0x400

.interrupts     0x00000000       0xc0
                0x00000000                __VECTOR_TABLE = .
                0x00000000                . = ALIGN (0x4)
 *(.isr_vector)
 .isr_vector    0x00000000       0xc0 ./Project_Settings/Startup_Code/startup_SKEAZ1284.o
                0x00000000                __isr_vector
                0x000000c0                . = ALIGN (0x4)

.flash_config   0x00000400       0x10
                0x00000400                . = ALIGN (0x4)
 *(.FlashConfig)
 .FlashConfig   0x00000400       0x10 ./Project_Settings/Startup_Code/startup_SKEAZ1284.o
                0x00000410                . = ALIGN (0x4)

.text           0x00000410      0x5bc
                0x00000410                . = ALIGN (0x4)
 *(.text)
 .text          0x00000410       0x44 ./Project_Settings/Startup_Code/startup_SKEAZ1284.o
                0x00000410                Reset_Handler
                0x00000450                Reserved16_IRQHandler
                0x00000450                I2C0_IRQHandler
                0x00000450                HardFault_Handler
                0x00000450                SysTick_Handler
                0x00000450                PendSV_Handler
                0x00000450                NMI_Handler
                0x00000450                I2C1_IRQHandler
                0x00000450                Reserved19_IRQHandler
                0x00000450                UART1_IRQHandler
                0x00000450                UART0_IRQHandler
                0x00000450                Reserved42_IRQHandler
                0x00000450                SPI1_IRQHandler
                0x00000450                DefaultISR
                0x00000450                FTMRE_IRQHandler
                0x00000450                RTC_IRQHandler
                0x00000450                IRQ_IRQHandler
                0x00000450                Reserved18_IRQHandler
                0x00000450                FTM1_IRQHandler
                0x00000450                UART2_IRQHandler
                0x00000450                PIT_CH0_IRQHandler
                0x00000450                Reserved20_IRQHandler
                0x00000450                Default_Handler
                0x00000450                Reserved17_IRQHandler
                0x00000450                ADC_IRQHandler
                0x00000450                MSCAN_RX_IRQHandler
                0x00000450                ACMP0_IRQHandler
                0x00000450                MSCAN_TX_IRQHandler
                0x00000450                PWT_IRQHandler
                0x00000450                SVC_Handler
                0x00000450                ICS_IRQHandler
                0x00000450                PIT_CH1_IRQHandler
                0x00000450                KBI0_IRQHandler
                0x00000450                PMC_IRQHandler
                0x00000450                SPI0_IRQHandler
                0x00000450                FTM0_IRQHandler
                0x00000450                WDOG_IRQHandler
                0x00000450                ACMP1_IRQHandler
                0x00000450                KBI1_IRQHandler
 *(.text*)
 .text.__thumb_startup
                0x00000454       0x3c C:/Freescale/S32_ARM_v1.1/S32DS/arm_ewl2/lib/armv6-m/__arm_start.o
                0x00000454                __thumb_startup
 .text.SystemInit
                0x00000490       0x90 ./Project_Settings/Startup_Code/system_SKEAZ1284.o
                0x00000490                SystemInit
 .text.NVIC_EnableIRQ
                0x00000520       0x2c ./src/Lab4_Dimmer_PWM_KEA64.o
 .text.NVIC_ClearPendingIRQ
                0x0000054c       0x30 ./src/Lab4_Dimmer_PWM_KEA64.o
 .text.GPIO_Init
                0x0000057c       0x84 ./src/Lab4_Dimmer_PWM_KEA64.o
                0x0000057c                GPIO_Init
 .text.main     0x00000600       0x28 ./src/Lab4_Dimmer_PWM_KEA64.o
                0x00000600                main
 .text.Enable_Interrupt
                0x00000628       0x2c ./src/Lab4_Dimmer_PWM_KEA64.o
                0x00000628                Enable_Interrupt
 .text.FTM2_IRQHandler
                0x00000654        0xc ./src/Lab4_Dimmer_PWM_KEA64.o
                0x00000654                FTM2_IRQHandler
 .text.FTM2_Interrupt
                0x00000660       0xb0 ./src/Lab4_Dimmer_PWM_KEA64.o
                0x00000660                FTM2_Interrupt
 .text.FTM2_Init_EPWM
                0x00000710       0x6c ./src/FTM.o
                0x00000710                FTM2_Init_EPWM
 .text.Clk_Init
                0x0000077c       0x54 ./src/CLK.o
                0x0000077c                Clk_Init
 .text.exit     0x000007d0       0x38 C:/Freescale/S32_ARM_v1.1/S32DS/arm_ewl2/lib/armv6-m\libc.a(exit.o)
                0x000007d0                exit
 .text.memset   0x00000808        0xc C:/Freescale/S32_ARM_v1.1/S32DS/arm_ewl2/lib/armv6-m\libc.a(memset.o)
                0x00000808                memset
 .text.__fill_mem
                0x00000814       0x82 C:/Freescale/S32_ARM_v1.1/S32DS/arm_ewl2/lib/armv6-m\libc.a(__filll_mem.o)
                0x00000814                __fill_mem
 *fill*         0x00000896        0x2 
 .text.__init_cpp
                0x00000898       0x48 C:/Freescale/S32_ARM_v1.1/S32DS/arm_ewl2/lib/armv6-m\librt.a(gcc_ctor_dtor.o)
                0x00000898                __init_cpp
 .text.__fini_cpp
                0x000008e0       0x34 C:/Freescale/S32_ARM_v1.1/S32DS/arm_ewl2/lib/armv6-m\librt.a(gcc_ctor_dtor.o)
                0x000008e0                __fini_cpp
 .text._ExitProcess
                0x00000914        0x2 C:/Freescale/S32_ARM_v1.1/S32DS/arm_ewl2/lib/armv6-m\librt.a(gcc_ctor_dtor.o)
                0x00000914                _ExitProcess
 *fill*         0x00000916        0x2 
 .text.__destroy_global_chain
                0x00000918       0x1c C:/Freescale/S32_ARM_v1.1/S32DS/arm_ewl2/lib/armv6-m\librt.a(__arm_eabi_init.o)
                0x00000918                __destroy_global_chain
 .text.__init_registers
                0x00000934       0x1c C:/Freescale/S32_ARM_v1.1/S32DS/arm_ewl2/lib/armv6-m\librt.a(__arm_eabi_init.o)
                0x00000934                __init_registers
 .text.__init_hardware
                0x00000950        0x4 C:/Freescale/S32_ARM_v1.1/S32DS/arm_ewl2/lib/armv6-m\librt.a(__arm_eabi_init.o)
                0x00000950                __init_hardware
 .text.__init_user
                0x00000954        0x4 C:/Freescale/S32_ARM_v1.1/S32DS/arm_ewl2/lib/armv6-m\librt.a(__arm_eabi_init.o)
                0x00000954                __init_user
 .text.__copy_rom_section
                0x00000958       0x40 C:/Freescale/S32_ARM_v1.1/S32DS/arm_ewl2/lib/armv6-m\librt.a(ROMCopy.o)
                0x00000958                __copy_rom_section
 .text.__copy_rom_sections_to_ram
                0x00000998       0x34 C:/Freescale/S32_ARM_v1.1/S32DS/arm_ewl2/lib/armv6-m\librt.a(ROMCopy.o)
                0x00000998                __copy_rom_sections_to_ram
 *(.rodata)
 *(.rodata*)
 *(.glue_7)
 .glue_7        0x00000000        0x0 linker stubs
 *(.glue_7t)
 .glue_7t       0x00000000        0x0 linker stubs
 *(.eh_frame)
 *(.init)
 *(.fini)
                0x000009cc                . = ALIGN (0x4)

.vfp11_veneer   0x000009cc        0x0
 .vfp11_veneer  0x00000000        0x0 linker stubs

.v4_bx          0x000009cc        0x0
 .v4_bx         0x00000000        0x0 linker stubs

.iplt           0x000009cc        0x0
 .iplt          0x00000000        0x0 C:/Freescale/S32_ARM_v1.1/S32DS/arm_ewl2/lib/armv6-m/__arm_start.o

.rel.dyn        0x000009cc        0x0
 .rel.iplt      0x00000000        0x0 C:/Freescale/S32_ARM_v1.1/S32DS/arm_ewl2/lib/armv6-m/__arm_start.o

.ARM.extab
 *(.ARM.extab* .gnu.linkonce.armextab.*)

.ARM            0x000009cc        0x0
                0x000009cc                __exidx_start = .
 *(.ARM.exidx*)
                0x000009cc                __exidx_end = .

.ctors          0x000009cc        0x0
                0x000009cc                __CTOR_LIST__ = .
 *crtbegin.o(.ctors)
 *crtbegin?.o(.ctors)
 *(EXCLUDE_FILE(*crtend.o *crtend?.o) .ctors)
 *(SORT(.ctors.*))
 *(.ctors)
                0x000009cc                __CTOR_END__ = .

.dtors          0x000009cc        0x0
                0x000009cc                __DTOR_LIST__ = .
 *crtbegin.o(.dtors)
 *crtbegin?.o(.dtors)
 *(EXCLUDE_FILE(*crtend.o *crtend?.o) .dtors)
 *(SORT(.dtors.*))
 *(.dtors)
                0x000009cc                __DTOR_END__ = .

.preinit_array  0x000009cc        0x0
                0x000009cc                PROVIDE (__preinit_array_start, .)
 *(.preinit_array*)
                0x000009cc                PROVIDE (__preinit_array_end, .)

.init_array     0x000009cc        0x0
                0x000009cc                PROVIDE (__init_array_start, .)
 *(SORT(.init_array.*))
 *(.init_array*)
                0x000009cc                PROVIDE (__init_array_end, .)

.fini_array     0x000009cc        0x0
                0x000009cc                PROVIDE (__fini_array_start, .)
 *(SORT(.fini_array.*))
 *(.fini_array*)
                0x000009cc                PROVIDE (__fini_array_end, .)
                0x000009cc                __etext = .
                0x000009cc                __DATA_ROM = .

.mtb            0x1ffff000        0x0
                0x1ffff000                . = ALIGN (0x8)
                0x1ffff000                _mtb_start = .
 *(.mtb_buf)
                0x1ffff000                . = ALIGN (0x8)
                0x1ffff000                _mtb_end = .

.data           0x1ffff000        0x0 load address 0x000009cc
                0x1ffff000                . = ALIGN (0x4)
                0x1ffff000                __DATA_RAM = .
                0x1ffff000                __data_start__ = .
                0x1ffff000                _sdata = .
 *(.data)
 *(.data*)
 *(.jcr*)
                0x1ffff000                . = ALIGN (0x4)
                0x1ffff000                __data_end__ = .
                0x1ffff000                _edata = .
                0x000009cc                __DATA_END = (__DATA_ROM + (__data_end__ - __data_start__))
                0x00000000                ___data_size = (_edata - _sdata)

.igot.plt       0x1ffff000        0x0
 .igot.plt      0x00000000        0x0 C:/Freescale/S32_ARM_v1.1/S32DS/arm_ewl2/lib/armv6-m/__arm_start.o

.bss            0x1ffff000       0x18
                0x1ffff000                . = ALIGN (0x4)
                0x1ffff000                __START_BSS = .
                0x1ffff000                __bss_start__ = .
 *(.bss)
 *(.bss*)
 .bss.argv      0x1ffff000        0x4 C:/Freescale/S32_ARM_v1.1/S32DS/arm_ewl2/lib/armv6-m/__arm_start.o
 .bss.count.4706
                0x1ffff004        0x2 ./src/Lab4_Dimmer_PWM_KEA64.o
 .bss.DirMark.4707
                0x1ffff006        0x1 ./src/Lab4_Dimmer_PWM_KEA64.o
 *fill*         0x1ffff007        0x1 
 .bss.__stdio_exit
                0x1ffff008        0x4 C:/Freescale/S32_ARM_v1.1/S32DS/arm_ewl2/lib/armv6-m\libc.a(exit.o)
                0x1ffff008                __stdio_exit
 .bss.__console_exit
                0x1ffff00c        0x4 C:/Freescale/S32_ARM_v1.1/S32DS/arm_ewl2/lib/armv6-m\libc.a(exit.o)
                0x1ffff00c                __console_exit
 .bss.__global_destructor_chain
                0x1ffff010        0x4 C:/Freescale/S32_ARM_v1.1/S32DS/arm_ewl2/lib/armv6-m\librt.a(__arm_eabi_init.o)
                0x1ffff010                __global_destructor_chain
 *(COMMON)
 COMMON         0x1ffff014        0x4 ./src/Lab4_Dimmer_PWM_KEA64.o
                0x1ffff014                ChV_new
                0x1ffff016                ChV_old
                0x1ffff018                . = ALIGN (0x4)
                0x1ffff018                __bss_end__ = .
                0x1ffff018                __END_BSS = .
                0x000009cc                _romp_at = (__DATA_ROM + SIZEOF (.data))

.romp           0x1ffff018       0x18 load address 0x000009cc
                0x000009cc                __S_romp = _romp_at
                0x1ffff018        0x4 LONG 0x9cc __DATA_ROM
                0x1ffff01c        0x4 LONG 0x1ffff000 _sdata
                0x1ffff020        0x4 LONG 0x0 ___data_size
                0x1ffff024        0x4 LONG 0x0
                0x1ffff028        0x4 LONG 0x0
                0x1ffff02c        0x4 LONG 0x0

.heap           0x1ffff030      0x400 load address 0x000009e4
                0x1ffff030                . = ALIGN (0x8)
                0x1ffff030                __end__ = .
                0x1ffff030                PROVIDE (end, .)
                0x1ffff030                __HeapBase = .
                0x1ffff430                . = (. + HEAP_SIZE)
 *fill*         0x1ffff030      0x400 
                0x1ffff430                __HeapLimit = .

.stack          0x1ffff430      0x400 load address 0x00000de4
                0x1ffff430                . = ALIGN (0x8)
                0x1ffff830                . = (. + STACK_SIZE)
 *fill*         0x1ffff430      0x400 
                0x1ffff830                __StackTop = .
                0x1ffff430                __StackLimit = (__StackTop - STACK_SIZE)
                0x1ffff830                PROVIDE (__stack, __StackTop)

.ARM.attributes
                0x00000000       0x2f
 *(.ARM.attributes)
 .ARM.attributes
                0x00000000       0x31 C:/Freescale/S32_ARM_v1.1/S32DS/arm_ewl2/lib/armv6-m/__arm_start.o
 .ARM.attributes
                0x00000031       0x32 ./Project_Settings/Startup_Code/system_SKEAZ1284.o
 .ARM.attributes
                0x00000063       0x1b ./Project_Settings/Startup_Code/startup_SKEAZ1284.o
 .ARM.attributes
                0x0000007e       0x32 ./src/Lab4_Dimmer_PWM_KEA64.o
 .ARM.attributes
                0x000000b0       0x32 ./src/FTM.o
 .ARM.attributes
                0x000000e2       0x32 ./src/CLK.o
 .ARM.attributes
                0x00000114       0x31 C:/Freescale/S32_ARM_v1.1/S32DS/arm_ewl2/lib/armv6-m\libc.a(exit.o)
 .ARM.attributes
                0x00000145       0x31 C:/Freescale/S32_ARM_v1.1/S32DS/arm_ewl2/lib/armv6-m\libc.a(memset.o)
 .ARM.attributes
                0x00000176       0x31 C:/Freescale/S32_ARM_v1.1/S32DS/arm_ewl2/lib/armv6-m\libc.a(__filll_mem.o)
 .ARM.attributes
                0x000001a7       0x31 C:/Freescale/S32_ARM_v1.1/S32DS/arm_ewl2/lib/armv6-m\librt.a(gcc_ctor_dtor.o)
 .ARM.attributes
                0x000001d8       0x31 C:/Freescale/S32_ARM_v1.1/S32DS/arm_ewl2/lib/armv6-m\librt.a(__arm_eabi_init.o)
 .ARM.attributes
                0x00000209       0x31 C:/Freescale/S32_ARM_v1.1/S32DS/arm_ewl2/lib/armv6-m\librt.a(ROMCopy.o)
OUTPUT(Lab4_Dimmer_PWM_KEA64.elf elf32-littlearm)

.debug_info     0x00000000     0x18eb
 .debug_info    0x00000000      0x144 C:/Freescale/S32_ARM_v1.1/S32DS/arm_ewl2/lib/armv6-m/__arm_start.o
 .debug_info    0x00000144      0x31d ./Project_Settings/Startup_Code/system_SKEAZ1284.o
 .debug_info    0x00000461      0x12a ./Project_Settings/Startup_Code/startup_SKEAZ1284.o
 .debug_info    0x0000058b      0x640 ./src/Lab4_Dimmer_PWM_KEA64.o
 .debug_info    0x00000bcb      0x325 ./src/FTM.o
 .debug_info    0x00000ef0       0xe2 ./src/CLK.o
 .debug_info    0x00000fd2       0xe8 C:/Freescale/S32_ARM_v1.1/S32DS/arm_ewl2/lib/armv6-m\libc.a(exit.o)
 .debug_info    0x000010ba       0xec C:/Freescale/S32_ARM_v1.1/S32DS/arm_ewl2/lib/armv6-m\libc.a(memset.o)
 .debug_info    0x000011a6      0x137 C:/Freescale/S32_ARM_v1.1/S32DS/arm_ewl2/lib/armv6-m\libc.a(__filll_mem.o)
 .debug_info    0x000012dd      0x14a C:/Freescale/S32_ARM_v1.1/S32DS/arm_ewl2/lib/armv6-m\librt.a(gcc_ctor_dtor.o)
 .debug_info    0x00001427      0x2b5 C:/Freescale/S32_ARM_v1.1/S32DS/arm_ewl2/lib/armv6-m\librt.a(__arm_eabi_init.o)
 .debug_info    0x000016dc      0x20f C:/Freescale/S32_ARM_v1.1/S32DS/arm_ewl2/lib/armv6-m\librt.a(ROMCopy.o)

.debug_abbrev   0x00000000      0x9c3
 .debug_abbrev  0x00000000       0xc0 C:/Freescale/S32_ARM_v1.1/S32DS/arm_ewl2/lib/armv6-m/__arm_start.o
 .debug_abbrev  0x000000c0      0x102 ./Project_Settings/Startup_Code/system_SKEAZ1284.o
 .debug_abbrev  0x000001c2       0x14 ./Project_Settings/Startup_Code/startup_SKEAZ1284.o
 .debug_abbrev  0x000001d6      0x1a5 ./src/Lab4_Dimmer_PWM_KEA64.o
 .debug_abbrev  0x0000037b       0xde ./src/FTM.o
 .debug_abbrev  0x00000459       0x80 ./src/CLK.o
 .debug_abbrev  0x000004d9       0x7a C:/Freescale/S32_ARM_v1.1/S32DS/arm_ewl2/lib/armv6-m\libc.a(exit.o)
 .debug_abbrev  0x00000553       0x62 C:/Freescale/S32_ARM_v1.1/S32DS/arm_ewl2/lib/armv6-m\libc.a(memset.o)
 .debug_abbrev  0x000005b5       0x78 C:/Freescale/S32_ARM_v1.1/S32DS/arm_ewl2/lib/armv6-m\libc.a(__filll_mem.o)
 .debug_abbrev  0x0000062d       0xae C:/Freescale/S32_ARM_v1.1/S32DS/arm_ewl2/lib/armv6-m\librt.a(gcc_ctor_dtor.o)
 .debug_abbrev  0x000006db      0x1ba C:/Freescale/S32_ARM_v1.1/S32DS/arm_ewl2/lib/armv6-m\librt.a(__arm_eabi_init.o)
 .debug_abbrev  0x00000895      0x12e C:/Freescale/S32_ARM_v1.1/S32DS/arm_ewl2/lib/armv6-m\librt.a(ROMCopy.o)

.debug_aranges  0x00000000      0x228
 .debug_aranges
                0x00000000       0x28 C:/Freescale/S32_ARM_v1.1/S32DS/arm_ewl2/lib/armv6-m/__arm_start.o
 .debug_aranges
                0x00000028       0x28 ./Project_Settings/Startup_Code/system_SKEAZ1284.o
 .debug_aranges
                0x00000050       0x20 ./Project_Settings/Startup_Code/startup_SKEAZ1284.o
 .debug_aranges
                0x00000070       0x50 ./src/Lab4_Dimmer_PWM_KEA64.o
 .debug_aranges
                0x000000c0       0x30 ./src/FTM.o
 .debug_aranges
                0x000000f0       0x20 ./src/CLK.o
 .debug_aranges
                0x00000110       0x20 C:/Freescale/S32_ARM_v1.1/S32DS/arm_ewl2/lib/armv6-m\libc.a(exit.o)
 .debug_aranges
                0x00000130       0x20 C:/Freescale/S32_ARM_v1.1/S32DS/arm_ewl2/lib/armv6-m\libc.a(memset.o)
 .debug_aranges
                0x00000150       0x20 C:/Freescale/S32_ARM_v1.1/S32DS/arm_ewl2/lib/armv6-m\libc.a(__filll_mem.o)
 .debug_aranges
                0x00000170       0x30 C:/Freescale/S32_ARM_v1.1/S32DS/arm_ewl2/lib/armv6-m\librt.a(gcc_ctor_dtor.o)
 .debug_aranges
                0x000001a0       0x58 C:/Freescale/S32_ARM_v1.1/S32DS/arm_ewl2/lib/armv6-m\librt.a(__arm_eabi_init.o)
 .debug_aranges
                0x000001f8       0x30 C:/Freescale/S32_ARM_v1.1/S32DS/arm_ewl2/lib/armv6-m\librt.a(ROMCopy.o)

.debug_line     0x00000000      0xda8
 .debug_line    0x00000000       0x68 C:/Freescale/S32_ARM_v1.1/S32DS/arm_ewl2/lib/armv6-m/__arm_start.o
 .debug_line    0x00000068      0x229 ./Project_Settings/Startup_Code/system_SKEAZ1284.o
 .debug_line    0x00000291       0x87 ./Project_Settings/Startup_Code/startup_SKEAZ1284.o
 .debug_line    0x00000318      0x29b ./src/Lab4_Dimmer_PWM_KEA64.o
 .debug_line    0x000005b3      0x210 ./src/FTM.o
 .debug_line    0x000007c3      0x1ea ./src/CLK.o
 .debug_line    0x000009ad       0x8d C:/Freescale/S32_ARM_v1.1/S32DS/arm_ewl2/lib/armv6-m\libc.a(exit.o)
 .debug_line    0x00000a3a       0x90 C:/Freescale/S32_ARM_v1.1/S32DS/arm_ewl2/lib/armv6-m\libc.a(memset.o)
 .debug_line    0x00000aca       0xaf C:/Freescale/S32_ARM_v1.1/S32DS/arm_ewl2/lib/armv6-m\libc.a(__filll_mem.o)
 .debug_line    0x00000b79       0x74 C:/Freescale/S32_ARM_v1.1/S32DS/arm_ewl2/lib/armv6-m\librt.a(gcc_ctor_dtor.o)
 .debug_line    0x00000bed      0x10f C:/Freescale/S32_ARM_v1.1/S32DS/arm_ewl2/lib/armv6-m\librt.a(__arm_eabi_init.o)
 .debug_line    0x00000cfc       0xac C:/Freescale/S32_ARM_v1.1/S32DS/arm_ewl2/lib/armv6-m\librt.a(ROMCopy.o)

.debug_str      0x00000000    0x1bf56
 .debug_str     0x00000000      0x1fd C:/Freescale/S32_ARM_v1.1/S32DS/arm_ewl2/lib/armv6-m/__arm_start.o
                                0x286 (size before relaxing)
 .debug_str     0x000001fd    0x1ae51 ./Project_Settings/Startup_Code/system_SKEAZ1284.o
                              0x1b14d (size before relaxing)
 .debug_str     0x0001b04e      0x9ff ./src/Lab4_Dimmer_PWM_KEA64.o
                              0x1ba85 (size before relaxing)
 .debug_str     0x0001ba4d       0x47 ./src/FTM.o
                              0x1b16a (size before relaxing)
 .debug_str     0x0001ba94       0x16 ./src/CLK.o
                              0x1b047 (size before relaxing)
 .debug_str     0x0001baaa      0x1a5 C:/Freescale/S32_ARM_v1.1/S32DS/arm_ewl2/lib/armv6-m\libc.a(exit.o)
                                0x243 (size before relaxing)
 .debug_str     0x0001bc4f       0x23 C:/Freescale/S32_ARM_v1.1/S32DS/arm_ewl2/lib/armv6-m\libc.a(memset.o)
                                0x22c (size before relaxing)
 .debug_str     0x0001bc72       0x2d C:/Freescale/S32_ARM_v1.1/S32DS/arm_ewl2/lib/armv6-m\libc.a(__filll_mem.o)
                                0x23e (size before relaxing)
 .debug_str     0x0001bc9f      0x113 C:/Freescale/S32_ARM_v1.1/S32DS/arm_ewl2/lib/armv6-m\librt.a(gcc_ctor_dtor.o)
                                0x2a4 (size before relaxing)
 .debug_str     0x0001bdb2      0x103 C:/Freescale/S32_ARM_v1.1/S32DS/arm_ewl2/lib/armv6-m\librt.a(__arm_eabi_init.o)
                                0x2cb (size before relaxing)
 .debug_str     0x0001beb5       0xa1 C:/Freescale/S32_ARM_v1.1/S32DS/arm_ewl2/lib/armv6-m\librt.a(ROMCopy.o)
                                0x249 (size before relaxing)

.comment        0x00000000       0x70
 .comment       0x00000000       0x70 C:/Freescale/S32_ARM_v1.1/S32DS/arm_ewl2/lib/armv6-m/__arm_start.o
                                 0x71 (size before relaxing)
 .comment       0x00000000       0x71 ./Project_Settings/Startup_Code/system_SKEAZ1284.o
 .comment       0x00000000       0x71 ./src/Lab4_Dimmer_PWM_KEA64.o
 .comment       0x00000000       0x71 ./src/FTM.o
 .comment       0x00000000       0x71 ./src/CLK.o
 .comment       0x00000000       0x71 C:/Freescale/S32_ARM_v1.1/S32DS/arm_ewl2/lib/armv6-m\libc.a(exit.o)
 .comment       0x00000000       0x71 C:/Freescale/S32_ARM_v1.1/S32DS/arm_ewl2/lib/armv6-m\libc.a(memset.o)
 .comment       0x00000000       0x71 C:/Freescale/S32_ARM_v1.1/S32DS/arm_ewl2/lib/armv6-m\libc.a(__filll_mem.o)
 .comment       0x00000000       0x71 C:/Freescale/S32_ARM_v1.1/S32DS/arm_ewl2/lib/armv6-m\librt.a(gcc_ctor_dtor.o)
 .comment       0x00000000       0x71 C:/Freescale/S32_ARM_v1.1/S32DS/arm_ewl2/lib/armv6-m\librt.a(__arm_eabi_init.o)
 .comment       0x00000000       0x71 C:/Freescale/S32_ARM_v1.1/S32DS/arm_ewl2/lib/armv6-m\librt.a(ROMCopy.o)

.debug_frame    0x00000000      0x3cc
 .debug_frame   0x00000000       0x30 C:/Freescale/S32_ARM_v1.1/S32DS/arm_ewl2/lib/armv6-m/__arm_start.o
 .debug_frame   0x00000030       0x4c ./Project_Settings/Startup_Code/system_SKEAZ1284.o
 .debug_frame   0x0000007c       0xe0 ./src/Lab4_Dimmer_PWM_KEA64.o
 .debug_frame   0x0000015c       0x68 ./src/FTM.o
 .debug_frame   0x000001c4       0x2c ./src/CLK.o
 .debug_frame   0x000001f0       0x2c C:/Freescale/S32_ARM_v1.1/S32DS/arm_ewl2/lib/armv6-m\libc.a(exit.o)
 .debug_frame   0x0000021c       0x28 C:/Freescale/S32_ARM_v1.1/S32DS/arm_ewl2/lib/armv6-m\libc.a(memset.o)
 .debug_frame   0x00000244       0x2c C:/Freescale/S32_ARM_v1.1/S32DS/arm_ewl2/lib/armv6-m\libc.a(__filll_mem.o)
 .debug_frame   0x00000270       0x50 C:/Freescale/S32_ARM_v1.1/S32DS/arm_ewl2/lib/armv6-m\librt.a(gcc_ctor_dtor.o)
 .debug_frame   0x000002c0       0xbc C:/Freescale/S32_ARM_v1.1/S32DS/arm_ewl2/lib/armv6-m\librt.a(__arm_eabi_init.o)
 .debug_frame   0x0000037c       0x50 C:/Freescale/S32_ARM_v1.1/S32DS/arm_ewl2/lib/armv6-m\librt.a(ROMCopy.o)

.debug_ranges   0x00000000       0x88
 .debug_ranges  0x00000000       0x18 ./Project_Settings/Startup_Code/system_SKEAZ1284.o
 .debug_ranges  0x00000018       0x40 ./src/Lab4_Dimmer_PWM_KEA64.o
 .debug_ranges  0x00000058       0x20 ./src/FTM.o
 .debug_ranges  0x00000078       0x10 ./src/CLK.o

.debug_macro    0x00000000     0x5d3a
 .debug_macro   0x00000000       0xbf ./Project_Settings/Startup_Code/system_SKEAZ1284.o
 .debug_macro   0x000000bf      0x80e ./Project_Settings/Startup_Code/system_SKEAZ1284.o
 .debug_macro   0x000008cd       0x3a ./Project_Settings/Startup_Code/system_SKEAZ1284.o
 .debug_macro   0x00000907       0x16 ./Project_Settings/Startup_Code/system_SKEAZ1284.o
 .debug_macro   0x0000091d       0x64 ./Project_Settings/Startup_Code/system_SKEAZ1284.o
 .debug_macro   0x00000981      0x17e ./Project_Settings/Startup_Code/system_SKEAZ1284.o
 .debug_macro   0x00000aff      0x147 ./Project_Settings/Startup_Code/system_SKEAZ1284.o
 .debug_macro   0x00000c46       0x9d ./Project_Settings/Startup_Code/system_SKEAZ1284.o
 .debug_macro   0x00000ce3       0x10 ./Project_Settings/Startup_Code/system_SKEAZ1284.o
 .debug_macro   0x00000cf3      0x1a1 ./Project_Settings/Startup_Code/system_SKEAZ1284.o
 .debug_macro   0x00000e94       0x4b ./Project_Settings/Startup_Code/system_SKEAZ1284.o
 .debug_macro   0x00000edf       0x3a ./Project_Settings/Startup_Code/system_SKEAZ1284.o
 .debug_macro   0x00000f19       0x1f ./Project_Settings/Startup_Code/system_SKEAZ1284.o
 .debug_macro   0x00000f38      0x250 ./Project_Settings/Startup_Code/system_SKEAZ1284.o
 .debug_macro   0x00001188       0x28 ./Project_Settings/Startup_Code/system_SKEAZ1284.o
 .debug_macro   0x000011b0     0x479a ./Project_Settings/Startup_Code/system_SKEAZ1284.o
 .debug_macro   0x0000594a      0x157 ./src/Lab4_Dimmer_PWM_KEA64.o
 .debug_macro   0x00005aa1       0x16 ./src/Lab4_Dimmer_PWM_KEA64.o
 .debug_macro   0x00005ab7       0x39 ./src/Lab4_Dimmer_PWM_KEA64.o
 .debug_macro   0x00005af0       0xa6 ./src/Lab4_Dimmer_PWM_KEA64.o
 .debug_macro   0x00005b96       0xd2 ./src/FTM.o
 .debug_macro   0x00005c68       0xd2 ./src/CLK.o

.debug_loc      0x00000000      0x4eb
 .debug_loc     0x00000000       0x3e C:/Freescale/S32_ARM_v1.1/S32DS/arm_ewl2/lib/armv6-m\libc.a(exit.o)
 .debug_loc     0x0000003e       0x6f C:/Freescale/S32_ARM_v1.1/S32DS/arm_ewl2/lib/armv6-m\libc.a(memset.o)
 .debug_loc     0x000000ad      0x113 C:/Freescale/S32_ARM_v1.1/S32DS/arm_ewl2/lib/armv6-m\libc.a(__filll_mem.o)
 .debug_loc     0x000001c0       0xb3 C:/Freescale/S32_ARM_v1.1/S32DS/arm_ewl2/lib/armv6-m\librt.a(gcc_ctor_dtor.o)
 .debug_loc     0x00000273      0x184 C:/Freescale/S32_ARM_v1.1/S32DS/arm_ewl2/lib/armv6-m\librt.a(__arm_eabi_init.o)
 .debug_loc     0x000003f7       0xf4 C:/Freescale/S32_ARM_v1.1/S32DS/arm_ewl2/lib/armv6-m\librt.a(ROMCopy.o)
